mode: set
gitlab.com/dgb9/todo-api/start.go:10.13,16.16 4 0
gitlab.com/dgb9/todo-api/start.go:16.16,18.3 1 0
gitlab.com/dgb9/todo-api/start.go:18.8,20.3 1 0
gitlab.com/dgb9/todo-api/internal/controller/add_bulk_attachment.go:22.85,24.2 1 0
gitlab.com/dgb9/todo-api/internal/controller/add_bulk_attachment.go:26.79,30.2 2 0
gitlab.com/dgb9/todo-api/internal/controller/add_bulk_attachment.go:32.102,36.16 3 0
gitlab.com/dgb9/todo-api/internal/controller/add_bulk_attachment.go:36.16,38.3 1 0
gitlab.com/dgb9/todo-api/internal/controller/add_bulk_attachment.go:41.2,45.16 4 0
gitlab.com/dgb9/todo-api/internal/controller/add_bulk_attachment.go:45.16,47.3 1 0
gitlab.com/dgb9/todo-api/internal/controller/add_bulk_attachment.go:49.2,54.16 5 0
gitlab.com/dgb9/todo-api/internal/controller/add_bulk_attachment.go:54.16,56.3 1 0
gitlab.com/dgb9/todo-api/internal/controller/add_bulk_attachment.go:58.2,62.27 3 0
gitlab.com/dgb9/todo-api/internal/controller/add_bulk_attachment.go:62.27,64.3 1 0
gitlab.com/dgb9/todo-api/internal/controller/add_bulk_attachment.go:66.2,67.41 2 0
gitlab.com/dgb9/todo-api/internal/controller/add_bulk_attachment.go:67.41,70.17 2 0
gitlab.com/dgb9/todo-api/internal/controller/add_bulk_attachment.go:70.17,72.4 1 0
gitlab.com/dgb9/todo-api/internal/controller/add_bulk_attachment.go:74.3,94.17 8 0
gitlab.com/dgb9/todo-api/internal/controller/add_bulk_attachment.go:94.17,96.4 1 0
gitlab.com/dgb9/todo-api/internal/controller/add_bulk_attachment.go:98.3,99.17 2 0
gitlab.com/dgb9/todo-api/internal/controller/add_bulk_attachment.go:99.17,101.4 1 0
gitlab.com/dgb9/todo-api/internal/controller/add_bulk_attachment.go:104.3,105.17 2 0
gitlab.com/dgb9/todo-api/internal/controller/add_bulk_attachment.go:105.17,107.4 1 0
gitlab.com/dgb9/todo-api/internal/controller/add_bulk_attachment.go:109.3,115.17 5 0
gitlab.com/dgb9/todo-api/internal/controller/add_bulk_attachment.go:115.17,117.4 1 0
gitlab.com/dgb9/todo-api/internal/controller/add_bulk_attachment.go:118.3,121.17 3 0
gitlab.com/dgb9/todo-api/internal/controller/add_bulk_attachment.go:121.17,123.4 1 0
gitlab.com/dgb9/todo-api/internal/controller/add_bulk_attachment.go:126.3,130.47 3 0
gitlab.com/dgb9/todo-api/internal/controller/add_bulk_attachment.go:133.2,133.25 1 0
gitlab.com/dgb9/todo-api/internal/controller/add_login.go:16.76,18.2 1 0
gitlab.com/dgb9/todo-api/internal/controller/add_login.go:20.70,24.2 2 0
gitlab.com/dgb9/todo-api/internal/controller/add_login.go:26.74,33.16 5 0
gitlab.com/dgb9/todo-api/internal/controller/add_login.go:33.16,35.3 1 0
gitlab.com/dgb9/todo-api/internal/controller/add_login.go:37.2,39.16 3 0
gitlab.com/dgb9/todo-api/internal/controller/add_login.go:39.16,41.3 1 0
gitlab.com/dgb9/todo-api/internal/controller/add_login.go:43.2,44.17 2 0
gitlab.com/dgb9/todo-api/internal/controller/bulk_update.go:16.78,18.2 1 0
gitlab.com/dgb9/todo-api/internal/controller/bulk_update.go:20.72,24.2 2 0
gitlab.com/dgb9/todo-api/internal/controller/bulk_update.go:26.82,31.16 4 0
gitlab.com/dgb9/todo-api/internal/controller/bulk_update.go:31.16,33.3 1 0
gitlab.com/dgb9/todo-api/internal/controller/bulk_update.go:35.2,37.16 3 0
gitlab.com/dgb9/todo-api/internal/controller/bulk_update.go:37.16,39.3 1 0
gitlab.com/dgb9/todo-api/internal/controller/bulk_update.go:41.2,43.48 2 0
gitlab.com/dgb9/todo-api/internal/controller/download.go:20.76,22.2 1 0
gitlab.com/dgb9/todo-api/internal/controller/download.go:24.70,28.16 2 0
gitlab.com/dgb9/todo-api/internal/controller/download.go:28.16,30.3 1 0
gitlab.com/dgb9/todo-api/internal/controller/download.go:33.82,38.16 4 0
gitlab.com/dgb9/todo-api/internal/controller/download.go:38.16,40.3 1 0
gitlab.com/dgb9/todo-api/internal/controller/download.go:42.2,46.18 3 0
gitlab.com/dgb9/todo-api/internal/controller/download.go:46.18,48.3 1 0
gitlab.com/dgb9/todo-api/internal/controller/download.go:49.2,50.16 2 0
gitlab.com/dgb9/todo-api/internal/controller/download.go:50.16,52.3 1 0
gitlab.com/dgb9/todo-api/internal/controller/download.go:54.2,57.16 3 0
gitlab.com/dgb9/todo-api/internal/controller/download.go:57.16,59.3 1 0
gitlab.com/dgb9/todo-api/internal/controller/download.go:61.2,63.39 2 0
gitlab.com/dgb9/todo-api/internal/controller/download.go:63.39,65.3 1 0
gitlab.com/dgb9/todo-api/internal/controller/download.go:68.2,71.16 3 0
gitlab.com/dgb9/todo-api/internal/controller/download.go:71.16,73.3 1 0
gitlab.com/dgb9/todo-api/internal/controller/download.go:75.2,78.16 3 0
gitlab.com/dgb9/todo-api/internal/controller/download.go:78.16,80.3 1 0
gitlab.com/dgb9/todo-api/internal/controller/download.go:83.2,89.12 5 0
gitlab.com/dgb9/todo-api/internal/controller/flagged_items.go:15.80,17.2 1 0
gitlab.com/dgb9/todo-api/internal/controller/flagged_items.go:19.74,23.2 2 0
gitlab.com/dgb9/todo-api/internal/controller/flagged_items.go:25.94,30.16 4 0
gitlab.com/dgb9/todo-api/internal/controller/flagged_items.go:30.16,32.3 1 0
gitlab.com/dgb9/todo-api/internal/controller/flagged_items.go:33.2,37.17 3 0
gitlab.com/dgb9/todo-api/internal/controller/get_root.go:14.72,16.2 1 0
gitlab.com/dgb9/todo-api/internal/controller/get_root.go:18.66,20.2 1 0
gitlab.com/dgb9/todo-api/internal/controller/login.go:16.73,18.2 1 0
gitlab.com/dgb9/todo-api/internal/controller/login.go:20.67,24.2 2 0
gitlab.com/dgb9/todo-api/internal/controller/login.go:26.77,34.16 5 0
gitlab.com/dgb9/todo-api/internal/controller/login.go:34.16,36.3 1 0
gitlab.com/dgb9/todo-api/internal/controller/login.go:38.2,40.17 2 0
gitlab.com/dgb9/todo-api/internal/controller/logout.go:15.74,17.2 1 0
gitlab.com/dgb9/todo-api/internal/controller/logout.go:19.68,23.2 2 0
gitlab.com/dgb9/todo-api/internal/controller/logout.go:25.55,30.16 4 0
gitlab.com/dgb9/todo-api/internal/controller/logout.go:30.16,32.3 1 0
gitlab.com/dgb9/todo-api/internal/controller/logout.go:35.2,36.35 2 0
gitlab.com/dgb9/todo-api/internal/controller/multiple_todo.go:16.80,18.2 1 0
gitlab.com/dgb9/todo-api/internal/controller/multiple_todo.go:20.74,24.2 2 0
gitlab.com/dgb9/todo-api/internal/controller/multiple_todo.go:26.86,31.16 4 0
gitlab.com/dgb9/todo-api/internal/controller/multiple_todo.go:31.16,33.3 1 0
gitlab.com/dgb9/todo-api/internal/controller/multiple_todo.go:35.2,37.16 3 0
gitlab.com/dgb9/todo-api/internal/controller/multiple_todo.go:37.16,39.3 1 0
gitlab.com/dgb9/todo-api/internal/controller/multiple_todo.go:41.2,43.46 2 0
gitlab.com/dgb9/todo-api/internal/controller/password_post.go:19.80,21.2 1 0
gitlab.com/dgb9/todo-api/internal/controller/password_post.go:23.85,27.2 2 0
gitlab.com/dgb9/todo-api/internal/controller/password_post.go:29.98,36.16 5 0
gitlab.com/dgb9/todo-api/internal/controller/password_post.go:36.16,38.3 1 0
gitlab.com/dgb9/todo-api/internal/controller/password_post.go:40.2,42.16 3 0
gitlab.com/dgb9/todo-api/internal/controller/password_post.go:42.16,44.3 1 0
gitlab.com/dgb9/todo-api/internal/controller/password_post.go:46.2,49.47 2 0
gitlab.com/dgb9/todo-api/internal/controller/password_post.go:49.47,51.3 1 0
gitlab.com/dgb9/todo-api/internal/controller/password_post.go:53.2,53.69 1 0
gitlab.com/dgb9/todo-api/internal/controller/password_put.go:19.79,21.2 1 0
gitlab.com/dgb9/todo-api/internal/controller/password_put.go:23.83,27.2 2 0
gitlab.com/dgb9/todo-api/internal/controller/password_put.go:29.64,33.64 3 0
gitlab.com/dgb9/todo-api/internal/controller/password_put.go:33.64,35.3 1 0
gitlab.com/dgb9/todo-api/internal/controller/password_put.go:37.2,39.16 3 0
gitlab.com/dgb9/todo-api/internal/controller/password_put.go:39.16,41.3 1 0
gitlab.com/dgb9/todo-api/internal/controller/password_put.go:43.2,43.56 1 0
gitlab.com/dgb9/todo-api/internal/controller/password_put.go:43.56,45.3 1 0
gitlab.com/dgb9/todo-api/internal/controller/password_put.go:47.2,47.90 1 0
gitlab.com/dgb9/todo-api/internal/controller/post-search.go:16.78,18.2 1 0
gitlab.com/dgb9/todo-api/internal/controller/post-search.go:20.72,24.2 2 0
gitlab.com/dgb9/todo-api/internal/controller/post-search.go:26.82,31.16 4 0
gitlab.com/dgb9/todo-api/internal/controller/post-search.go:31.16,33.3 1 0
gitlab.com/dgb9/todo-api/internal/controller/post-search.go:35.2,37.16 3 0
gitlab.com/dgb9/todo-api/internal/controller/post-search.go:37.16,39.3 1 0
gitlab.com/dgb9/todo-api/internal/controller/post-search.go:41.2,45.17 3 0
gitlab.com/dgb9/todo-api/internal/controller/remove_attachment.go:16.84,18.2 1 0
gitlab.com/dgb9/todo-api/internal/controller/remove_attachment.go:20.78,24.2 2 0
gitlab.com/dgb9/todo-api/internal/controller/remove_attachment.go:26.83,31.16 4 0
gitlab.com/dgb9/todo-api/internal/controller/remove_attachment.go:31.16,33.3 1 0
gitlab.com/dgb9/todo-api/internal/controller/remove_attachment.go:35.2,37.16 3 0
gitlab.com/dgb9/todo-api/internal/controller/remove_attachment.go:37.16,39.3 1 0
gitlab.com/dgb9/todo-api/internal/controller/remove_attachment.go:41.2,45.18 3 0
gitlab.com/dgb9/todo-api/internal/controller/remove_item.go:16.78,18.2 1 0
gitlab.com/dgb9/todo-api/internal/controller/remove_item.go:20.72,25.2 3 0
gitlab.com/dgb9/todo-api/internal/controller/remove_item.go:27.63,32.16 4 0
gitlab.com/dgb9/todo-api/internal/controller/remove_item.go:32.16,34.3 1 0
gitlab.com/dgb9/todo-api/internal/controller/remove_item.go:36.2,38.16 3 0
gitlab.com/dgb9/todo-api/internal/controller/remove_item.go:38.16,40.3 1 0
gitlab.com/dgb9/todo-api/internal/controller/remove_item.go:42.2,44.49 2 0
gitlab.com/dgb9/todo-api/internal/controller/remove_login.go:16.79,18.2 1 0
gitlab.com/dgb9/todo-api/internal/controller/remove_login.go:20.73,24.2 2 0
gitlab.com/dgb9/todo-api/internal/controller/remove_login.go:26.72,33.16 5 0
gitlab.com/dgb9/todo-api/internal/controller/remove_login.go:33.16,35.3 1 0
gitlab.com/dgb9/todo-api/internal/controller/remove_login.go:37.2,40.16 3 0
gitlab.com/dgb9/todo-api/internal/controller/remove_login.go:40.16,42.3 1 0
gitlab.com/dgb9/todo-api/internal/controller/remove_login.go:44.2,46.17 2 0
gitlab.com/dgb9/todo-api/internal/controller/remove_todo.go:16.78,18.2 1 0
gitlab.com/dgb9/todo-api/internal/controller/remove_todo.go:20.72,24.2 2 0
gitlab.com/dgb9/todo-api/internal/controller/remove_todo.go:26.63,31.16 4 0
gitlab.com/dgb9/todo-api/internal/controller/remove_todo.go:31.16,33.3 1 0
gitlab.com/dgb9/todo-api/internal/controller/remove_todo.go:35.2,38.16 3 0
gitlab.com/dgb9/todo-api/internal/controller/remove_todo.go:38.16,40.3 1 0
gitlab.com/dgb9/todo-api/internal/controller/remove_todo.go:42.2,42.56 1 0
gitlab.com/dgb9/todo-api/internal/controller/retrieve_todo.go:16.80,18.2 1 0
gitlab.com/dgb9/todo-api/internal/controller/retrieve_todo.go:20.74,23.2 2 0
gitlab.com/dgb9/todo-api/internal/controller/retrieve_todo.go:25.93,31.16 5 0
gitlab.com/dgb9/todo-api/internal/controller/retrieve_todo.go:31.16,33.3 1 0
gitlab.com/dgb9/todo-api/internal/controller/retrieve_todo.go:36.2,38.16 3 0
gitlab.com/dgb9/todo-api/internal/controller/retrieve_todo.go:38.16,40.3 1 0
gitlab.com/dgb9/todo-api/internal/controller/retrieve_todo.go:42.2,45.16 4 0
gitlab.com/dgb9/todo-api/internal/controller/retrieve_todo.go:45.16,47.3 1 0
gitlab.com/dgb9/todo-api/internal/controller/retrieve_todo.go:49.2,49.30 1 0
gitlab.com/dgb9/todo-api/internal/controller/retrieve_todo.go:49.30,51.3 1 0
gitlab.com/dgb9/todo-api/internal/controller/retrieve_todo.go:53.2,53.17 1 0
gitlab.com/dgb9/todo-api/internal/controller/router.go:12.62,45.2 30 0
gitlab.com/dgb9/todo-api/internal/controller/router.go:47.56,48.71 1 0
gitlab.com/dgb9/todo-api/internal/controller/router.go:48.71,51.3 2 0
gitlab.com/dgb9/todo-api/internal/controller/router.go:54.53,55.71 1 0
gitlab.com/dgb9/todo-api/internal/controller/router.go:55.71,69.37 5 0
gitlab.com/dgb9/todo-api/internal/controller/router.go:69.37,72.4 2 0
gitlab.com/dgb9/todo-api/internal/controller/router.go:75.3,75.23 1 0
gitlab.com/dgb9/todo-api/internal/controller/search_item.go:16.78,18.2 1 0
gitlab.com/dgb9/todo-api/internal/controller/search_item.go:20.72,24.2 2 0
gitlab.com/dgb9/todo-api/internal/controller/search_item.go:26.90,31.16 4 0
gitlab.com/dgb9/todo-api/internal/controller/search_item.go:31.16,33.3 1 0
gitlab.com/dgb9/todo-api/internal/controller/search_item.go:35.2,37.16 3 0
gitlab.com/dgb9/todo-api/internal/controller/search_item.go:37.16,39.3 1 0
gitlab.com/dgb9/todo-api/internal/controller/search_item.go:41.2,43.52 2 0
gitlab.com/dgb9/todo-api/internal/controller/session.go:16.105,24.78 5 0
gitlab.com/dgb9/todo-api/internal/controller/session.go:24.78,26.3 1 0
gitlab.com/dgb9/todo-api/internal/controller/session.go:28.2,28.21 1 0
gitlab.com/dgb9/todo-api/internal/controller/session.go:28.21,32.17 2 0
gitlab.com/dgb9/todo-api/internal/controller/session.go:32.17,34.4 1 0
gitlab.com/dgb9/todo-api/internal/controller/session.go:38.2,39.20 2 0
gitlab.com/dgb9/todo-api/internal/controller/session.go:39.20,42.17 2 0
gitlab.com/dgb9/todo-api/internal/controller/session.go:42.17,44.4 1 0
gitlab.com/dgb9/todo-api/internal/controller/session.go:47.3,47.18 1 0
gitlab.com/dgb9/todo-api/internal/controller/session.go:51.2,51.83 1 0
gitlab.com/dgb9/todo-api/internal/controller/switch_seq_no.go:16.79,18.2 1 0
gitlab.com/dgb9/todo-api/internal/controller/switch_seq_no.go:20.73,24.2 2 0
gitlab.com/dgb9/todo-api/internal/controller/switch_seq_no.go:26.90,32.16 5 0
gitlab.com/dgb9/todo-api/internal/controller/switch_seq_no.go:32.16,34.3 1 0
gitlab.com/dgb9/todo-api/internal/controller/switch_seq_no.go:36.2,39.16 3 0
gitlab.com/dgb9/todo-api/internal/controller/switch_seq_no.go:39.16,41.3 1 0
gitlab.com/dgb9/todo-api/internal/controller/switch_seq_no.go:43.2,45.17 2 0
gitlab.com/dgb9/todo-api/internal/controller/toggle_completed.go:16.83,18.2 1 0
gitlab.com/dgb9/todo-api/internal/controller/toggle_completed.go:20.77,24.2 2 0
gitlab.com/dgb9/todo-api/internal/controller/toggle_completed.go:26.95,32.16 5 0
gitlab.com/dgb9/todo-api/internal/controller/toggle_completed.go:32.16,34.3 1 0
gitlab.com/dgb9/todo-api/internal/controller/toggle_completed.go:36.2,38.16 3 0
gitlab.com/dgb9/todo-api/internal/controller/toggle_completed.go:38.16,40.3 1 0
gitlab.com/dgb9/todo-api/internal/controller/toggle_completed.go:42.2,45.17 3 0
gitlab.com/dgb9/todo-api/internal/controller/update_attachment.go:19.84,21.2 1 0
gitlab.com/dgb9/todo-api/internal/controller/update_attachment.go:23.78,27.2 2 0
gitlab.com/dgb9/todo-api/internal/controller/update_attachment.go:29.98,34.16 4 0
gitlab.com/dgb9/todo-api/internal/controller/update_attachment.go:34.16,36.3 1 0
gitlab.com/dgb9/todo-api/internal/controller/update_attachment.go:39.2,43.16 4 0
gitlab.com/dgb9/todo-api/internal/controller/update_attachment.go:43.16,45.3 1 0
gitlab.com/dgb9/todo-api/internal/controller/update_attachment.go:47.2,49.16 3 0
gitlab.com/dgb9/todo-api/internal/controller/update_attachment.go:49.16,51.3 1 0
gitlab.com/dgb9/todo-api/internal/controller/update_attachment.go:53.2,60.16 5 0
gitlab.com/dgb9/todo-api/internal/controller/update_attachment.go:60.16,61.42 1 0
gitlab.com/dgb9/todo-api/internal/controller/update_attachment.go:61.42,63.4 1 0
gitlab.com/dgb9/todo-api/internal/controller/update_attachment.go:63.9,65.4 1 0
gitlab.com/dgb9/todo-api/internal/controller/update_attachment.go:68.2,68.17 1 0
gitlab.com/dgb9/todo-api/internal/controller/update_attachment.go:68.17,70.3 1 0
gitlab.com/dgb9/todo-api/internal/controller/update_attachment.go:72.2,72.18 1 0
gitlab.com/dgb9/todo-api/internal/controller/update_attachment.go:72.18,74.3 1 0
gitlab.com/dgb9/todo-api/internal/controller/update_attachment.go:76.2,82.16 5 0
gitlab.com/dgb9/todo-api/internal/controller/update_attachment.go:82.16,84.3 1 0
gitlab.com/dgb9/todo-api/internal/controller/update_attachment.go:86.2,86.22 1 0
gitlab.com/dgb9/todo-api/internal/controller/update_attachment.go:86.22,88.3 1 0
gitlab.com/dgb9/todo-api/internal/controller/update_attachment.go:90.2,95.12 3 0
gitlab.com/dgb9/todo-api/internal/controller/update_attachment.go:95.12,96.20 1 0
gitlab.com/dgb9/todo-api/internal/controller/update_attachment.go:96.20,98.4 1 0
gitlab.com/dgb9/todo-api/internal/controller/update_attachment.go:101.2,101.18 1 0
gitlab.com/dgb9/todo-api/internal/controller/update_attachment.go:101.18,107.17 3 0
gitlab.com/dgb9/todo-api/internal/controller/update_attachment.go:107.17,109.4 1 0
gitlab.com/dgb9/todo-api/internal/controller/update_attachment.go:110.3,113.17 3 0
gitlab.com/dgb9/todo-api/internal/controller/update_attachment.go:113.17,115.4 1 0
gitlab.com/dgb9/todo-api/internal/controller/update_attachment.go:118.2,119.16 2 0
gitlab.com/dgb9/todo-api/internal/controller/update_attachment.go:119.16,121.3 1 0
gitlab.com/dgb9/todo-api/internal/controller/update_attachment.go:123.2,125.17 2 0
gitlab.com/dgb9/todo-api/internal/controller/update_due.go:16.77,18.2 1 0
gitlab.com/dgb9/todo-api/internal/controller/update_due.go:20.71,23.2 2 0
gitlab.com/dgb9/todo-api/internal/controller/update_due.go:25.69,30.16 4 0
gitlab.com/dgb9/todo-api/internal/controller/update_due.go:30.16,32.3 1 0
gitlab.com/dgb9/todo-api/internal/controller/update_due.go:34.2,36.16 3 0
gitlab.com/dgb9/todo-api/internal/controller/update_due.go:36.16,38.3 1 0
gitlab.com/dgb9/todo-api/internal/controller/update_due.go:40.2,42.16 3 0
gitlab.com/dgb9/todo-api/internal/controller/update_due.go:42.16,44.3 1 0
gitlab.com/dgb9/todo-api/internal/controller/update_due.go:46.2,46.18 1 0
gitlab.com/dgb9/todo-api/internal/controller/update_item.go:16.78,18.2 1 0
gitlab.com/dgb9/todo-api/internal/controller/update_item.go:20.72,24.2 2 0
gitlab.com/dgb9/todo-api/internal/controller/update_item.go:26.80,32.16 5 0
gitlab.com/dgb9/todo-api/internal/controller/update_item.go:32.16,34.3 1 0
gitlab.com/dgb9/todo-api/internal/controller/update_item.go:36.2,39.16 3 0
gitlab.com/dgb9/todo-api/internal/controller/update_item.go:39.16,41.3 1 0
gitlab.com/dgb9/todo-api/internal/controller/update_item.go:43.2,45.44 2 0
gitlab.com/dgb9/todo-api/internal/controller/update_priority.go:16.82,18.2 1 0
gitlab.com/dgb9/todo-api/internal/controller/update_priority.go:20.76,24.2 2 0
gitlab.com/dgb9/todo-api/internal/controller/update_priority.go:26.71,31.16 4 0
gitlab.com/dgb9/todo-api/internal/controller/update_priority.go:31.16,33.3 1 0
gitlab.com/dgb9/todo-api/internal/controller/update_priority.go:35.2,37.16 3 0
gitlab.com/dgb9/todo-api/internal/controller/update_priority.go:37.16,39.3 1 0
gitlab.com/dgb9/todo-api/internal/controller/update_priority.go:41.2,41.82 1 0
gitlab.com/dgb9/todo-api/internal/controller/update_todo.go:16.78,18.2 1 0
gitlab.com/dgb9/todo-api/internal/controller/update_todo.go:20.72,24.2 2 0
gitlab.com/dgb9/todo-api/internal/controller/update_todo.go:26.70,33.16 5 0
gitlab.com/dgb9/todo-api/internal/controller/update_todo.go:33.16,35.3 1 0
gitlab.com/dgb9/todo-api/internal/controller/update_todo.go:37.2,38.16 2 0
gitlab.com/dgb9/todo-api/internal/controller/update_todo.go:38.16,40.3 1 0
gitlab.com/dgb9/todo-api/internal/controller/update_todo.go:42.2,46.16 3 0
gitlab.com/dgb9/todo-api/internal/controller/update_todo.go:46.16,48.3 1 0
gitlab.com/dgb9/todo-api/internal/controller/update_todo.go:50.2,50.15 1 0
gitlab.com/dgb9/todo-api/internal/controller/write.go:12.61,18.16 3 0
gitlab.com/dgb9/todo-api/internal/controller/write.go:18.16,22.3 3 0
gitlab.com/dgb9/todo-api/internal/controller/write.go:22.8,25.3 2 0
gitlab.com/dgb9/todo-api/internal/controller/write.go:27.2,27.15 1 0
gitlab.com/dgb9/todo-api/internal/controller/write.go:27.15,29.3 1 0
gitlab.com/dgb9/todo-api/internal/start/config.go:13.40,20.26 4 0
gitlab.com/dgb9/todo-api/internal/start/config.go:20.26,22.3 1 0
gitlab.com/dgb9/todo-api/internal/start/config.go:24.2,27.28 3 0
gitlab.com/dgb9/todo-api/internal/start/config.go:27.28,29.3 1 0
gitlab.com/dgb9/todo-api/internal/start/config.go:31.2,32.16 2 0
gitlab.com/dgb9/todo-api/internal/start/config.go:32.16,34.3 1 0
gitlab.com/dgb9/todo-api/internal/start/config.go:36.2,37.16 2 0
gitlab.com/dgb9/todo-api/internal/start/config.go:37.16,39.3 1 0
gitlab.com/dgb9/todo-api/internal/start/config.go:42.2,46.16 4 0
gitlab.com/dgb9/todo-api/internal/start/config.go:46.16,48.3 1 0
gitlab.com/dgb9/todo-api/internal/start/config.go:50.2,51.16 2 0
gitlab.com/dgb9/todo-api/internal/start/config.go:51.16,53.3 1 0
gitlab.com/dgb9/todo-api/internal/start/config.go:56.2,66.33 8 0
gitlab.com/dgb9/todo-api/internal/start/config.go:66.33,68.3 1 0
gitlab.com/dgb9/todo-api/internal/start/config.go:70.2,79.20 7 0
gitlab.com/dgb9/todo-api/internal/start/config.go:82.55,84.16 2 0
gitlab.com/dgb9/todo-api/internal/start/config.go:84.16,86.3 1 0
gitlab.com/dgb9/todo-api/internal/start/config.go:88.2,88.37 1 0
gitlab.com/dgb9/todo-api/internal/start/db.go:11.55,20.16 8 0
gitlab.com/dgb9/todo-api/internal/start/db.go:20.16,22.3 1 0
gitlab.com/dgb9/todo-api/internal/start/db.go:25.2,26.16 2 0
gitlab.com/dgb9/todo-api/internal/start/db.go:26.16,28.3 1 0
gitlab.com/dgb9/todo-api/internal/start/db.go:30.2,30.16 1 0
gitlab.com/dgb9/todo-api/internal/start/db.go:33.39,36.16 3 0
gitlab.com/dgb9/todo-api/internal/start/db.go:36.16,38.3 1 0
gitlab.com/dgb9/todo-api/internal/start/db.go:40.2,42.18 2 0
gitlab.com/dgb9/todo-api/internal/start/db.go:42.18,44.3 1 0
gitlab.com/dgb9/todo-api/internal/start/db.go:46.2,48.16 2 0
gitlab.com/dgb9/todo-api/internal/start/db.go:48.16,50.3 1 0
gitlab.com/dgb9/todo-api/internal/start/db.go:52.2,52.12 1 0
gitlab.com/dgb9/todo-api/internal/start/db.go:52.12,54.3 1 0
gitlab.com/dgb9/todo-api/internal/start/db.go:56.2,56.12 1 0
gitlab.com/dgb9/todo-api/internal/start/start.go:5.20,8.16 2 0
gitlab.com/dgb9/todo-api/internal/start/start.go:8.16,10.3 1 0
gitlab.com/dgb9/todo-api/internal/start/start.go:13.2,14.16 2 0
gitlab.com/dgb9/todo-api/internal/start/start.go:14.16,16.3 1 0
gitlab.com/dgb9/todo-api/internal/start/start.go:18.2,19.16 2 0
gitlab.com/dgb9/todo-api/internal/start/start.go:19.16,21.3 1 0
gitlab.com/dgb9/todo-api/internal/start/start.go:23.2,23.12 1 0
gitlab.com/dgb9/todo-api/internal/servr/dao/attachment.go:17.79,23.16 5 0
gitlab.com/dgb9/todo-api/internal/servr/dao/attachment.go:23.16,25.3 1 0
gitlab.com/dgb9/todo-api/internal/servr/dao/attachment.go:27.2,28.25 2 0
gitlab.com/dgb9/todo-api/internal/servr/dao/attachment.go:28.25,30.3 1 0
gitlab.com/dgb9/todo-api/internal/servr/dao/attachment.go:32.2,33.16 2 0
gitlab.com/dgb9/todo-api/internal/servr/dao/attachment.go:33.16,35.3 1 0
gitlab.com/dgb9/todo-api/internal/servr/dao/attachment.go:37.2,40.16 3 0
gitlab.com/dgb9/todo-api/internal/servr/dao/attachment.go:40.16,44.17 3 0
gitlab.com/dgb9/todo-api/internal/servr/dao/attachment.go:44.17,46.4 1 0
gitlab.com/dgb9/todo-api/internal/servr/dao/attachment.go:48.3,48.48 1 0
gitlab.com/dgb9/todo-api/internal/servr/dao/attachment.go:52.2,55.27 2 0
gitlab.com/dgb9/todo-api/internal/servr/dao/attachment.go:55.27,57.3 1 0
gitlab.com/dgb9/todo-api/internal/servr/dao/attachment.go:59.2,60.16 2 0
gitlab.com/dgb9/todo-api/internal/servr/dao/attachment.go:60.16,62.3 1 0
gitlab.com/dgb9/todo-api/internal/servr/dao/attachment.go:64.2,65.16 2 0
gitlab.com/dgb9/todo-api/internal/servr/dao/attachment.go:65.16,67.3 1 0
gitlab.com/dgb9/todo-api/internal/servr/dao/attachment.go:69.2,69.12 1 0
gitlab.com/dgb9/todo-api/internal/servr/dao/attachment.go:72.94,76.16 3 0
gitlab.com/dgb9/todo-api/internal/servr/dao/attachment.go:76.16,78.3 1 0
gitlab.com/dgb9/todo-api/internal/servr/dao/attachment.go:80.2,82.12 2 0
gitlab.com/dgb9/todo-api/internal/servr/dao/attachment.go:85.81,88.16 3 0
gitlab.com/dgb9/todo-api/internal/servr/dao/attachment.go:88.16,90.3 1 0
gitlab.com/dgb9/todo-api/internal/servr/dao/attachment.go:92.2,93.16 2 0
gitlab.com/dgb9/todo-api/internal/servr/dao/attachment.go:93.16,95.3 1 0
gitlab.com/dgb9/todo-api/internal/servr/dao/attachment.go:97.2,101.17 3 0
gitlab.com/dgb9/todo-api/internal/servr/dao/attachment.go:104.94,109.16 4 0
gitlab.com/dgb9/todo-api/internal/servr/dao/attachment.go:109.16,111.3 1 0
gitlab.com/dgb9/todo-api/internal/servr/dao/attachment.go:113.2,115.12 2 0
gitlab.com/dgb9/todo-api/internal/servr/dao/attachment.go:118.94,127.30 8 0
gitlab.com/dgb9/todo-api/internal/servr/dao/attachment.go:127.30,130.3 2 0
gitlab.com/dgb9/todo-api/internal/servr/dao/attachment.go:131.2,137.16 5 0
gitlab.com/dgb9/todo-api/internal/servr/dao/attachment.go:137.16,139.3 1 0
gitlab.com/dgb9/todo-api/internal/servr/dao/attachment.go:141.2,143.12 2 0
gitlab.com/dgb9/todo-api/internal/servr/dao/attachment.go:146.83,151.16 4 0
gitlab.com/dgb9/todo-api/internal/servr/dao/attachment.go:151.16,153.3 1 0
gitlab.com/dgb9/todo-api/internal/servr/dao/attachment.go:155.2,156.16 2 0
gitlab.com/dgb9/todo-api/internal/servr/dao/attachment.go:156.16,158.3 1 0
gitlab.com/dgb9/todo-api/internal/servr/dao/attachment.go:160.2,162.15 2 0
gitlab.com/dgb9/todo-api/internal/servr/dao/attachment.go:162.15,165.17 2 0
gitlab.com/dgb9/todo-api/internal/servr/dao/attachment.go:165.17,167.4 1 0
gitlab.com/dgb9/todo-api/internal/servr/dao/attachment.go:170.2,172.16 2 0
gitlab.com/dgb9/todo-api/internal/servr/dao/attachment.go:172.16,174.3 1 0
gitlab.com/dgb9/todo-api/internal/servr/dao/attachment.go:176.2,176.17 1 0
gitlab.com/dgb9/todo-api/internal/servr/dao/attachment.go:179.93,185.16 4 0
gitlab.com/dgb9/todo-api/internal/servr/dao/attachment.go:185.16,187.3 1 0
gitlab.com/dgb9/todo-api/internal/servr/dao/attachment.go:189.2,190.16 2 0
gitlab.com/dgb9/todo-api/internal/servr/dao/attachment.go:190.16,192.3 1 0
gitlab.com/dgb9/todo-api/internal/servr/dao/attachment.go:194.2,196.15 2 0
gitlab.com/dgb9/todo-api/internal/servr/dao/attachment.go:196.15,199.17 2 0
gitlab.com/dgb9/todo-api/internal/servr/dao/attachment.go:199.17,201.4 1 0
gitlab.com/dgb9/todo-api/internal/servr/dao/attachment.go:204.2,204.17 1 0
gitlab.com/dgb9/todo-api/internal/servr/dao/converter.go:5.35,8.9 2 0
gitlab.com/dgb9/todo-api/internal/servr/dao/converter.go:8.9,10.3 1 0
gitlab.com/dgb9/todo-api/internal/servr/dao/converter.go:12.2,12.12 1 0
gitlab.com/dgb9/todo-api/internal/servr/dao/converter.go:15.37,18.2 2 0
gitlab.com/dgb9/todo-api/internal/servr/dao/converter.go:20.36,22.34 2 0
gitlab.com/dgb9/todo-api/internal/servr/dao/converter.go:22.34,24.3 1 0
gitlab.com/dgb9/todo-api/internal/servr/dao/converter.go:26.2,26.34 1 0
gitlab.com/dgb9/todo-api/internal/servr/dao/converter.go:26.34,28.3 1 0
gitlab.com/dgb9/todo-api/internal/servr/dao/converter.go:31.2,34.12 3 0
gitlab.com/dgb9/todo-api/internal/servr/dao/converter.go:37.42,39.25 2 0
gitlab.com/dgb9/todo-api/internal/servr/dao/converter.go:39.25,41.3 1 0
gitlab.com/dgb9/todo-api/internal/servr/dao/converter.go:43.2,43.12 1 0
gitlab.com/dgb9/todo-api/internal/servr/dao/converter.go:46.74,47.12 1 0
gitlab.com/dgb9/todo-api/internal/servr/dao/converter.go:47.12,49.3 1 0
gitlab.com/dgb9/todo-api/internal/servr/dao/converter.go:51.2,51.21 1 0
gitlab.com/dgb9/todo-api/internal/servr/dao/item.go:11.109,34.19 3 0
gitlab.com/dgb9/todo-api/internal/servr/dao/item.go:34.19,36.3 1 0
gitlab.com/dgb9/todo-api/internal/servr/dao/item.go:39.2,43.16 4 0
gitlab.com/dgb9/todo-api/internal/servr/dao/item.go:43.16,45.3 1 0
gitlab.com/dgb9/todo-api/internal/servr/dao/item.go:47.2,48.25 2 0
gitlab.com/dgb9/todo-api/internal/servr/dao/item.go:48.25,50.3 1 0
gitlab.com/dgb9/todo-api/internal/servr/dao/item.go:52.2,53.16 2 0
gitlab.com/dgb9/todo-api/internal/servr/dao/item.go:53.16,55.3 1 0
gitlab.com/dgb9/todo-api/internal/servr/dao/item.go:57.2,79.16 19 0
gitlab.com/dgb9/todo-api/internal/servr/dao/item.go:79.16,84.17 2 0
gitlab.com/dgb9/todo-api/internal/servr/dao/item.go:84.17,86.4 1 0
gitlab.com/dgb9/todo-api/internal/servr/dao/item.go:88.3,91.10 3 0
gitlab.com/dgb9/todo-api/internal/servr/dao/item.go:91.10,97.26 5 0
gitlab.com/dgb9/todo-api/internal/servr/dao/item.go:97.26,99.5 1 0
gitlab.com/dgb9/todo-api/internal/servr/dao/item.go:101.4,101.23 1 0
gitlab.com/dgb9/todo-api/internal/servr/dao/item.go:101.23,103.5 1 0
gitlab.com/dgb9/todo-api/internal/servr/dao/item.go:105.4,107.22 2 0
gitlab.com/dgb9/todo-api/internal/servr/dao/item.go:107.22,109.5 1 0
gitlab.com/dgb9/todo-api/internal/servr/dao/item.go:111.4,111.24 1 0
gitlab.com/dgb9/todo-api/internal/servr/dao/item.go:111.24,113.5 1 0
gitlab.com/dgb9/todo-api/internal/servr/dao/item.go:115.4,120.27 3 0
gitlab.com/dgb9/todo-api/internal/servr/dao/item.go:123.3,123.26 1 0
gitlab.com/dgb9/todo-api/internal/servr/dao/item.go:123.26,129.26 4 0
gitlab.com/dgb9/todo-api/internal/servr/dao/item.go:129.26,131.5 1 0
gitlab.com/dgb9/todo-api/internal/servr/dao/item.go:133.4,133.23 1 0
gitlab.com/dgb9/todo-api/internal/servr/dao/item.go:133.23,135.5 1 0
gitlab.com/dgb9/todo-api/internal/servr/dao/item.go:137.4,137.26 1 0
gitlab.com/dgb9/todo-api/internal/servr/dao/item.go:137.26,139.5 1 0
gitlab.com/dgb9/todo-api/internal/servr/dao/item.go:141.4,141.20 1 0
gitlab.com/dgb9/todo-api/internal/servr/dao/item.go:141.20,143.5 1 0
gitlab.com/dgb9/todo-api/internal/servr/dao/item.go:145.4,145.22 1 0
gitlab.com/dgb9/todo-api/internal/servr/dao/item.go:145.22,147.5 1 0
gitlab.com/dgb9/todo-api/internal/servr/dao/item.go:149.4,149.24 1 0
gitlab.com/dgb9/todo-api/internal/servr/dao/item.go:149.24,151.5 1 0
gitlab.com/dgb9/todo-api/internal/servr/dao/item.go:154.4,154.52 1 0
gitlab.com/dgb9/todo-api/internal/servr/dao/item.go:158.2,159.27 2 0
gitlab.com/dgb9/todo-api/internal/servr/dao/item.go:159.27,161.3 1 0
gitlab.com/dgb9/todo-api/internal/servr/dao/item.go:163.2,163.20 1 0
gitlab.com/dgb9/todo-api/internal/servr/dao/item.go:166.97,169.19 2 0
gitlab.com/dgb9/todo-api/internal/servr/dao/item.go:169.19,171.3 1 0
gitlab.com/dgb9/todo-api/internal/servr/dao/item.go:173.2,178.16 5 0
gitlab.com/dgb9/todo-api/internal/servr/dao/item.go:178.16,180.3 1 0
gitlab.com/dgb9/todo-api/internal/servr/dao/item.go:182.2,184.25 3 0
gitlab.com/dgb9/todo-api/internal/servr/dao/item.go:184.25,186.3 1 0
gitlab.com/dgb9/todo-api/internal/servr/dao/item.go:187.2,188.16 2 0
gitlab.com/dgb9/todo-api/internal/servr/dao/item.go:188.16,190.3 1 0
gitlab.com/dgb9/todo-api/internal/servr/dao/item.go:192.2,194.16 2 0
gitlab.com/dgb9/todo-api/internal/servr/dao/item.go:194.16,196.17 2 0
gitlab.com/dgb9/todo-api/internal/servr/dao/item.go:196.17,198.4 1 0
gitlab.com/dgb9/todo-api/internal/servr/dao/item.go:200.3,200.24 1 0
gitlab.com/dgb9/todo-api/internal/servr/dao/item.go:203.2,203.17 1 0
gitlab.com/dgb9/todo-api/internal/servr/dao/item.go:206.91,208.19 2 0
gitlab.com/dgb9/todo-api/internal/servr/dao/item.go:208.19,210.3 1 0
gitlab.com/dgb9/todo-api/internal/servr/dao/item.go:212.2,217.16 5 0
gitlab.com/dgb9/todo-api/internal/servr/dao/item.go:217.16,219.3 1 0
gitlab.com/dgb9/todo-api/internal/servr/dao/item.go:221.2,222.25 2 0
gitlab.com/dgb9/todo-api/internal/servr/dao/item.go:222.25,224.3 1 0
gitlab.com/dgb9/todo-api/internal/servr/dao/item.go:226.2,227.16 2 0
gitlab.com/dgb9/todo-api/internal/servr/dao/item.go:227.16,229.3 1 0
gitlab.com/dgb9/todo-api/internal/servr/dao/item.go:231.2,234.16 3 0
gitlab.com/dgb9/todo-api/internal/servr/dao/item.go:234.16,237.17 2 0
gitlab.com/dgb9/todo-api/internal/servr/dao/item.go:237.17,239.4 1 0
gitlab.com/dgb9/todo-api/internal/servr/dao/item.go:241.3,241.24 1 0
gitlab.com/dgb9/todo-api/internal/servr/dao/item.go:244.2,244.17 1 0
gitlab.com/dgb9/todo-api/internal/servr/dao/item.go:247.79,251.16 3 0
gitlab.com/dgb9/todo-api/internal/servr/dao/item.go:251.16,253.3 1 0
gitlab.com/dgb9/todo-api/internal/servr/dao/item.go:255.2,256.12 2 0
gitlab.com/dgb9/todo-api/internal/servr/dao/item.go:259.91,260.19 1 0
gitlab.com/dgb9/todo-api/internal/servr/dao/item.go:260.19,262.3 1 0
gitlab.com/dgb9/todo-api/internal/servr/dao/item.go:264.2,267.16 4 0
gitlab.com/dgb9/todo-api/internal/servr/dao/item.go:267.16,269.3 1 0
gitlab.com/dgb9/todo-api/internal/servr/dao/item.go:271.2,274.16 3 0
gitlab.com/dgb9/todo-api/internal/servr/dao/item.go:274.16,276.3 1 0
gitlab.com/dgb9/todo-api/internal/servr/dao/item.go:278.2,280.23 2 0
gitlab.com/dgb9/todo-api/internal/servr/dao/item.go:283.71,286.19 2 0
gitlab.com/dgb9/todo-api/internal/servr/dao/item.go:286.19,288.3 1 0
gitlab.com/dgb9/todo-api/internal/servr/dao/item.go:290.2,297.16 4 0
gitlab.com/dgb9/todo-api/internal/servr/dao/item.go:297.16,299.3 1 0
gitlab.com/dgb9/todo-api/internal/servr/dao/item.go:301.2,305.12 3 0
gitlab.com/dgb9/todo-api/internal/servr/dao/item.go:308.76,313.16 4 0
gitlab.com/dgb9/todo-api/internal/servr/dao/item.go:313.16,315.3 1 0
gitlab.com/dgb9/todo-api/internal/servr/dao/item.go:317.2,319.12 2 0
gitlab.com/dgb9/todo-api/internal/servr/dao/item.go:322.73,328.16 4 0
gitlab.com/dgb9/todo-api/internal/servr/dao/item.go:328.16,330.3 1 0
gitlab.com/dgb9/todo-api/internal/servr/dao/item.go:332.2,334.12 2 0
gitlab.com/dgb9/todo-api/internal/servr/dao/item.go:337.93,338.23 1 0
gitlab.com/dgb9/todo-api/internal/servr/dao/item.go:338.23,340.3 1 0
gitlab.com/dgb9/todo-api/internal/servr/dao/item.go:342.2,347.16 5 0
gitlab.com/dgb9/todo-api/internal/servr/dao/item.go:347.16,349.3 1 0
gitlab.com/dgb9/todo-api/internal/servr/dao/item.go:351.2,353.16 3 0
gitlab.com/dgb9/todo-api/internal/servr/dao/item.go:353.16,355.3 1 0
gitlab.com/dgb9/todo-api/internal/servr/dao/item.go:357.2,360.16 3 0
gitlab.com/dgb9/todo-api/internal/servr/dao/item.go:360.16,362.17 2 0
gitlab.com/dgb9/todo-api/internal/servr/dao/item.go:362.17,364.4 1 0
gitlab.com/dgb9/todo-api/internal/servr/dao/item.go:366.3,366.24 1 0
gitlab.com/dgb9/todo-api/internal/servr/dao/item.go:369.2,369.17 1 0
gitlab.com/dgb9/todo-api/internal/servr/dao/item.go:372.104,377.20 4 0
gitlab.com/dgb9/todo-api/internal/servr/dao/item.go:377.20,380.3 1 0
gitlab.com/dgb9/todo-api/internal/servr/dao/item.go:382.2,394.29 9 0
gitlab.com/dgb9/todo-api/internal/servr/dao/item.go:394.29,396.3 1 0
gitlab.com/dgb9/todo-api/internal/servr/dao/item.go:398.2,400.17 2 0
gitlab.com/dgb9/todo-api/internal/servr/dao/item.go:400.17,402.32 2 0
gitlab.com/dgb9/todo-api/internal/servr/dao/item.go:402.32,404.4 1 0
gitlab.com/dgb9/todo-api/internal/servr/dao/item.go:406.3,418.26 9 0
gitlab.com/dgb9/todo-api/internal/servr/dao/item.go:418.26,420.4 1 0
gitlab.com/dgb9/todo-api/internal/servr/dao/item.go:423.2,425.16 3 0
gitlab.com/dgb9/todo-api/internal/servr/dao/item.go:425.16,427.3 1 0
gitlab.com/dgb9/todo-api/internal/servr/dao/item.go:429.2,430.16 2 0
gitlab.com/dgb9/todo-api/internal/servr/dao/item.go:430.16,432.3 1 0
gitlab.com/dgb9/todo-api/internal/servr/dao/item.go:434.2,438.16 4 0
gitlab.com/dgb9/todo-api/internal/servr/dao/item.go:438.16,441.17 2 0
gitlab.com/dgb9/todo-api/internal/servr/dao/item.go:441.17,443.4 1 0
gitlab.com/dgb9/todo-api/internal/servr/dao/item.go:445.3,445.24 1 0
gitlab.com/dgb9/todo-api/internal/servr/dao/item.go:448.2,448.16 1 0
gitlab.com/dgb9/todo-api/internal/servr/dao/item.go:448.16,450.3 1 0
gitlab.com/dgb9/todo-api/internal/servr/dao/item.go:451.2,451.17 1 0
gitlab.com/dgb9/todo-api/internal/servr/dao/person.go:9.101,14.16 4 0
gitlab.com/dgb9/todo-api/internal/servr/dao/person.go:14.16,16.3 1 0
gitlab.com/dgb9/todo-api/internal/servr/dao/person.go:18.2,19.16 2 0
gitlab.com/dgb9/todo-api/internal/servr/dao/person.go:19.16,21.3 1 0
gitlab.com/dgb9/todo-api/internal/servr/dao/person.go:23.2,25.15 2 0
gitlab.com/dgb9/todo-api/internal/servr/dao/person.go:25.15,28.17 2 0
gitlab.com/dgb9/todo-api/internal/servr/dao/person.go:28.17,30.4 1 0
gitlab.com/dgb9/todo-api/internal/servr/dao/person.go:33.2,33.17 1 0
gitlab.com/dgb9/todo-api/internal/servr/dao/person.go:36.75,39.16 3 0
gitlab.com/dgb9/todo-api/internal/servr/dao/person.go:39.16,41.3 1 0
gitlab.com/dgb9/todo-api/internal/servr/dao/person.go:43.2,45.12 2 0
gitlab.com/dgb9/todo-api/internal/servr/dao/person.go:48.78,51.16 3 0
gitlab.com/dgb9/todo-api/internal/servr/dao/person.go:51.16,53.3 1 0
gitlab.com/dgb9/todo-api/internal/servr/dao/person.go:55.2,57.12 2 0
gitlab.com/dgb9/todo-api/internal/servr/dao/person.go:60.119,63.16 3 0
gitlab.com/dgb9/todo-api/internal/servr/dao/person.go:63.16,65.3 1 0
gitlab.com/dgb9/todo-api/internal/servr/dao/person.go:67.2,68.16 2 0
gitlab.com/dgb9/todo-api/internal/servr/dao/person.go:68.16,70.3 1 0
gitlab.com/dgb9/todo-api/internal/servr/dao/person.go:71.2,73.15 2 0
gitlab.com/dgb9/todo-api/internal/servr/dao/person.go:73.15,75.3 1 0
gitlab.com/dgb9/todo-api/internal/servr/dao/person.go:76.2,76.27 1 0
gitlab.com/dgb9/todo-api/internal/servr/dao/person.go:79.116,82.16 3 0
gitlab.com/dgb9/todo-api/internal/servr/dao/person.go:82.16,84.3 1 0
gitlab.com/dgb9/todo-api/internal/servr/dao/person.go:86.2,87.12 2 0
gitlab.com/dgb9/todo-api/internal/servr/dao/session.go:12.78,15.16 3 0
gitlab.com/dgb9/todo-api/internal/servr/dao/session.go:15.16,17.3 1 0
gitlab.com/dgb9/todo-api/internal/servr/dao/session.go:19.2,20.12 2 0
gitlab.com/dgb9/todo-api/internal/servr/dao/session.go:23.99,26.16 3 0
gitlab.com/dgb9/todo-api/internal/servr/dao/session.go:26.16,28.3 1 0
gitlab.com/dgb9/todo-api/internal/servr/dao/session.go:30.2,30.33 1 0
gitlab.com/dgb9/todo-api/internal/servr/dao/session.go:30.33,34.17 3 0
gitlab.com/dgb9/todo-api/internal/servr/dao/session.go:34.17,36.4 1 0
gitlab.com/dgb9/todo-api/internal/servr/dao/session.go:39.2,39.12 1 0
gitlab.com/dgb9/todo-api/internal/servr/dao/session.go:42.93,48.16 4 0
gitlab.com/dgb9/todo-api/internal/servr/dao/session.go:48.16,50.3 1 0
gitlab.com/dgb9/todo-api/internal/servr/dao/session.go:52.2,53.16 2 0
gitlab.com/dgb9/todo-api/internal/servr/dao/session.go:53.16,55.3 1 0
gitlab.com/dgb9/todo-api/internal/servr/dao/session.go:57.2,66.16 8 0
gitlab.com/dgb9/todo-api/internal/servr/dao/session.go:66.16,69.17 2 0
gitlab.com/dgb9/todo-api/internal/servr/dao/session.go:69.17,71.4 1 0
gitlab.com/dgb9/todo-api/internal/servr/dao/session.go:73.3,73.13 1 0
gitlab.com/dgb9/todo-api/internal/servr/dao/session.go:73.13,80.4 5 0
gitlab.com/dgb9/todo-api/internal/servr/dao/session.go:82.3,82.46 1 0
gitlab.com/dgb9/todo-api/internal/servr/dao/session.go:85.2,85.12 1 0
gitlab.com/dgb9/todo-api/internal/servr/dao/session.go:85.12,87.3 1 0
gitlab.com/dgb9/todo-api/internal/servr/dao/session.go:89.2,89.17 1 0
gitlab.com/dgb9/todo-api/internal/servr/dao/session.go:92.100,95.16 3 0
gitlab.com/dgb9/todo-api/internal/servr/dao/session.go:95.16,97.3 1 0
gitlab.com/dgb9/todo-api/internal/servr/dao/session.go:99.2,101.12 2 0
gitlab.com/dgb9/todo-api/internal/servr/dao/session.go:104.100,107.16 3 0
gitlab.com/dgb9/todo-api/internal/servr/dao/session.go:107.16,109.3 1 0
gitlab.com/dgb9/todo-api/internal/servr/dao/session.go:111.2,113.12 2 0
gitlab.com/dgb9/todo-api/internal/servr/dao/session.go:116.77,119.16 3 0
gitlab.com/dgb9/todo-api/internal/servr/dao/session.go:119.16,121.3 1 0
gitlab.com/dgb9/todo-api/internal/servr/dao/session.go:123.2,125.12 2 0
gitlab.com/dgb9/todo-api/internal/servr/dao/todo.go:13.91,14.19 1 0
gitlab.com/dgb9/todo-api/internal/servr/dao/todo.go:14.19,16.3 1 0
gitlab.com/dgb9/todo-api/internal/servr/dao/todo.go:18.2,23.16 5 0
gitlab.com/dgb9/todo-api/internal/servr/dao/todo.go:23.16,25.3 1 0
gitlab.com/dgb9/todo-api/internal/servr/dao/todo.go:27.2,28.26 2 0
gitlab.com/dgb9/todo-api/internal/servr/dao/todo.go:28.26,30.3 1 0
gitlab.com/dgb9/todo-api/internal/servr/dao/todo.go:32.2,35.16 4 0
gitlab.com/dgb9/todo-api/internal/servr/dao/todo.go:35.16,37.3 1 0
gitlab.com/dgb9/todo-api/internal/servr/dao/todo.go:39.2,41.16 2 0
gitlab.com/dgb9/todo-api/internal/servr/dao/todo.go:41.16,44.17 2 0
gitlab.com/dgb9/todo-api/internal/servr/dao/todo.go:44.17,46.4 1 0
gitlab.com/dgb9/todo-api/internal/servr/dao/todo.go:48.3,48.24 1 0
gitlab.com/dgb9/todo-api/internal/servr/dao/todo.go:51.2,51.17 1 0
gitlab.com/dgb9/todo-api/internal/servr/dao/todo.go:54.93,58.16 3 0
gitlab.com/dgb9/todo-api/internal/servr/dao/todo.go:58.16,60.3 1 0
gitlab.com/dgb9/todo-api/internal/servr/dao/todo.go:62.2,64.12 2 0
gitlab.com/dgb9/todo-api/internal/servr/dao/todo.go:67.102,71.16 4 0
gitlab.com/dgb9/todo-api/internal/servr/dao/todo.go:71.16,73.3 1 0
gitlab.com/dgb9/todo-api/internal/servr/dao/todo.go:75.2,76.16 2 0
gitlab.com/dgb9/todo-api/internal/servr/dao/todo.go:76.16,78.3 1 0
gitlab.com/dgb9/todo-api/internal/servr/dao/todo.go:80.2,83.15 3 0
gitlab.com/dgb9/todo-api/internal/servr/dao/todo.go:83.15,86.17 2 0
gitlab.com/dgb9/todo-api/internal/servr/dao/todo.go:86.17,88.4 1 0
gitlab.com/dgb9/todo-api/internal/servr/dao/todo.go:89.8,91.3 1 0
gitlab.com/dgb9/todo-api/internal/servr/dao/todo.go:93.2,99.16 5 0
gitlab.com/dgb9/todo-api/internal/servr/dao/todo.go:99.16,101.3 1 0
gitlab.com/dgb9/todo-api/internal/servr/dao/todo.go:103.2,104.16 2 0
gitlab.com/dgb9/todo-api/internal/servr/dao/todo.go:104.16,106.3 1 0
gitlab.com/dgb9/todo-api/internal/servr/dao/todo.go:108.2,111.17 3 0
gitlab.com/dgb9/todo-api/internal/servr/dao/todo.go:114.70,115.19 1 0
gitlab.com/dgb9/todo-api/internal/servr/dao/todo.go:115.19,117.3 1 0
gitlab.com/dgb9/todo-api/internal/servr/dao/todo.go:118.2,123.16 5 0
gitlab.com/dgb9/todo-api/internal/servr/dao/todo.go:123.16,125.3 1 0
gitlab.com/dgb9/todo-api/internal/servr/dao/todo.go:127.2,128.25 2 0
gitlab.com/dgb9/todo-api/internal/servr/dao/todo.go:128.25,130.3 1 0
gitlab.com/dgb9/todo-api/internal/servr/dao/todo.go:132.2,134.12 2 0
gitlab.com/dgb9/todo-api/internal/servr/dao/todo.go:137.85,154.16 4 0
gitlab.com/dgb9/todo-api/internal/servr/dao/todo.go:154.16,156.3 1 0
gitlab.com/dgb9/todo-api/internal/servr/dao/todo.go:158.2,159.16 2 0
gitlab.com/dgb9/todo-api/internal/servr/dao/todo.go:159.16,161.3 1 0
gitlab.com/dgb9/todo-api/internal/servr/dao/todo.go:163.2,165.15 2 0
gitlab.com/dgb9/todo-api/internal/servr/dao/todo.go:165.15,167.17 2 0
gitlab.com/dgb9/todo-api/internal/servr/dao/todo.go:167.17,169.4 1 0
gitlab.com/dgb9/todo-api/internal/servr/dao/todo.go:173.2,173.17 1 0
gitlab.com/dgb9/todo-api/internal/servr/dao/todo.go:176.56,193.16 13 0
gitlab.com/dgb9/todo-api/internal/servr/dao/todo.go:193.16,195.3 1 0
gitlab.com/dgb9/todo-api/internal/servr/dao/todo.go:198.2,202.21 4 0
gitlab.com/dgb9/todo-api/internal/servr/dao/todo.go:202.21,204.3 1 0
gitlab.com/dgb9/todo-api/internal/servr/dao/todo.go:206.2,206.21 1 0
gitlab.com/dgb9/todo-api/internal/servr/dao/todo.go:206.21,208.3 1 0
gitlab.com/dgb9/todo-api/internal/servr/dao/todo.go:210.2,213.17 3 0
gitlab.com/dgb9/todo-api/internal/servr/dao/todo.go:213.17,215.3 1 0
gitlab.com/dgb9/todo-api/internal/servr/dao/todo.go:217.2,218.24 2 0
gitlab.com/dgb9/todo-api/internal/servr/dao/todo.go:218.24,220.3 1 0
gitlab.com/dgb9/todo-api/internal/servr/dao/todo.go:222.2,222.21 1 0
gitlab.com/dgb9/todo-api/internal/servr/dao/todo.go:222.21,224.3 1 0
gitlab.com/dgb9/todo-api/internal/servr/dao/todo.go:226.2,226.17 1 0
gitlab.com/dgb9/todo-api/internal/servr/dao/todo.go:229.81,235.16 5 0
gitlab.com/dgb9/todo-api/internal/servr/dao/todo.go:235.16,237.3 1 0
gitlab.com/dgb9/todo-api/internal/servr/dao/todo.go:239.2,240.12 2 0
gitlab.com/dgb9/todo-api/internal/servr/dao/todo.go:243.77,252.16 3 0
gitlab.com/dgb9/todo-api/internal/servr/dao/todo.go:252.16,254.3 1 0
gitlab.com/dgb9/todo-api/internal/servr/dao/todo.go:256.2,259.12 2 0
gitlab.com/dgb9/todo-api/internal/servr/dao/todo.go:262.80,276.16 3 0
gitlab.com/dgb9/todo-api/internal/servr/dao/todo.go:276.16,278.3 1 0
gitlab.com/dgb9/todo-api/internal/servr/dao/todo.go:280.2,284.12 2 0
gitlab.com/dgb9/todo-api/internal/servr/dao/todo.go:287.116,288.23 1 0
gitlab.com/dgb9/todo-api/internal/servr/dao/todo.go:288.23,290.3 1 0
gitlab.com/dgb9/todo-api/internal/servr/dao/todo.go:293.2,298.33 5 0
gitlab.com/dgb9/todo-api/internal/servr/dao/todo.go:298.33,300.3 1 0
gitlab.com/dgb9/todo-api/internal/servr/dao/todo.go:302.2,302.28 1 0
gitlab.com/dgb9/todo-api/internal/servr/dao/todo.go:302.28,305.3 2 0
gitlab.com/dgb9/todo-api/internal/servr/dao/todo.go:307.2,307.28 1 0
gitlab.com/dgb9/todo-api/internal/servr/dao/todo.go:307.28,310.36 2 0
gitlab.com/dgb9/todo-api/internal/servr/dao/todo.go:310.36,313.4 2 0
gitlab.com/dgb9/todo-api/internal/servr/dao/todo.go:315.3,316.55 2 0
gitlab.com/dgb9/todo-api/internal/servr/dao/todo.go:319.2,319.28 1 0
gitlab.com/dgb9/todo-api/internal/servr/dao/todo.go:319.28,322.38 2 0
gitlab.com/dgb9/todo-api/internal/servr/dao/todo.go:322.38,325.4 2 0
gitlab.com/dgb9/todo-api/internal/servr/dao/todo.go:327.3,328.55 2 0
gitlab.com/dgb9/todo-api/internal/servr/dao/todo.go:331.2,332.49 2 0
gitlab.com/dgb9/todo-api/internal/servr/dao/todo.go:332.49,335.20 2 0
gitlab.com/dgb9/todo-api/internal/servr/dao/todo.go:335.20,338.4 2 0
gitlab.com/dgb9/todo-api/internal/servr/dao/todo.go:340.3,340.46 1 0
gitlab.com/dgb9/todo-api/internal/servr/dao/todo.go:340.46,342.60 1 0
gitlab.com/dgb9/todo-api/internal/servr/dao/todo.go:342.60,343.14 1 0
gitlab.com/dgb9/todo-api/internal/servr/dao/todo.go:343.14,345.6 1 0
gitlab.com/dgb9/todo-api/internal/servr/dao/todo.go:345.11,347.6 1 0
gitlab.com/dgb9/todo-api/internal/servr/dao/todo.go:349.5,351.34 2 0
gitlab.com/dgb9/todo-api/internal/servr/dao/todo.go:351.34,352.33 1 0
gitlab.com/dgb9/todo-api/internal/servr/dao/todo.go:352.33,355.7 2 0
gitlab.com/dgb9/todo-api/internal/servr/dao/todo.go:355.12,358.7 2 0
gitlab.com/dgb9/todo-api/internal/servr/dao/todo.go:359.11,363.6 2 0
gitlab.com/dgb9/todo-api/internal/servr/dao/todo.go:365.5,365.37 1 0
gitlab.com/dgb9/todo-api/internal/servr/dao/todo.go:369.3,369.35 1 0
gitlab.com/dgb9/todo-api/internal/servr/dao/todo.go:373.2,373.28 1 0
gitlab.com/dgb9/todo-api/internal/servr/dao/todo.go:373.28,374.36 1 0
gitlab.com/dgb9/todo-api/internal/servr/dao/todo.go:374.36,377.24 2 0
gitlab.com/dgb9/todo-api/internal/servr/dao/todo.go:377.24,380.5 2 0
gitlab.com/dgb9/todo-api/internal/servr/dao/todo.go:384.2,388.16 4 0
gitlab.com/dgb9/todo-api/internal/servr/dao/todo.go:388.16,390.3 1 0
gitlab.com/dgb9/todo-api/internal/servr/dao/todo.go:392.2,393.16 2 0
gitlab.com/dgb9/todo-api/internal/servr/dao/todo.go:393.16,395.3 1 0
gitlab.com/dgb9/todo-api/internal/servr/dao/todo.go:397.2,401.16 3 0
gitlab.com/dgb9/todo-api/internal/servr/dao/todo.go:401.16,406.17 4 0
gitlab.com/dgb9/todo-api/internal/servr/dao/todo.go:406.17,408.4 1 0
gitlab.com/dgb9/todo-api/internal/servr/dao/todo.go:409.3,411.24 2 0
gitlab.com/dgb9/todo-api/internal/servr/dao/todo.go:414.2,414.17 1 0
gitlab.com/dgb9/todo-api/internal/servr/dao/todo.go:417.106,425.16 4 0
gitlab.com/dgb9/todo-api/internal/servr/dao/todo.go:425.16,427.3 1 0
gitlab.com/dgb9/todo-api/internal/servr/dao/todo.go:429.2,431.35 3 0
gitlab.com/dgb9/todo-api/internal/servr/dao/todo.go:431.35,434.23 2 0
gitlab.com/dgb9/todo-api/internal/servr/dao/todo.go:434.23,440.18 4 0
gitlab.com/dgb9/todo-api/internal/servr/dao/todo.go:440.18,442.5 1 0
gitlab.com/dgb9/todo-api/internal/servr/dao/todo.go:445.4,446.18 2 0
gitlab.com/dgb9/todo-api/internal/servr/dao/todo.go:446.18,448.5 1 0
gitlab.com/dgb9/todo-api/internal/servr/dao/todo.go:450.4,450.31 1 0
gitlab.com/dgb9/todo-api/internal/servr/dao/todo.go:454.2,454.17 1 0
gitlab.com/dgb9/todo-api/internal/servr/dao/todo.go:457.91,458.19 1 0
gitlab.com/dgb9/todo-api/internal/servr/dao/todo.go:458.19,460.3 1 0
gitlab.com/dgb9/todo-api/internal/servr/dao/todo.go:462.2,467.16 5 0
gitlab.com/dgb9/todo-api/internal/servr/dao/todo.go:467.16,469.3 1 0
gitlab.com/dgb9/todo-api/internal/servr/dao/todo.go:471.2,474.16 3 0
gitlab.com/dgb9/todo-api/internal/servr/dao/todo.go:474.16,476.3 1 0
gitlab.com/dgb9/todo-api/internal/servr/dao/todo.go:478.2,481.16 3 0
gitlab.com/dgb9/todo-api/internal/servr/dao/todo.go:481.16,483.17 2 0
gitlab.com/dgb9/todo-api/internal/servr/dao/todo.go:483.17,485.4 1 0
gitlab.com/dgb9/todo-api/internal/servr/dao/todo.go:487.3,487.26 1 0
gitlab.com/dgb9/todo-api/internal/servr/dao/todo.go:490.2,490.17 1 0
gitlab.com/dgb9/todo-api/internal/servr/dao/todo.go:493.83,497.36 3 0
gitlab.com/dgb9/todo-api/internal/servr/dao/todo.go:497.36,499.3 1 0
gitlab.com/dgb9/todo-api/internal/servr/dao/todo.go:501.2,507.25 5 0
gitlab.com/dgb9/todo-api/internal/servr/dao/todo.go:507.25,512.3 3 0
gitlab.com/dgb9/todo-api/internal/servr/dao/todo.go:514.2,514.27 1 0
gitlab.com/dgb9/todo-api/internal/servr/dao/todo.go:514.27,519.3 3 0
gitlab.com/dgb9/todo-api/internal/servr/dao/todo.go:521.2,521.27 1 0
gitlab.com/dgb9/todo-api/internal/servr/dao/todo.go:521.27,526.3 3 0
gitlab.com/dgb9/todo-api/internal/servr/dao/todo.go:528.2,528.23 1 0
gitlab.com/dgb9/todo-api/internal/servr/dao/todo.go:528.23,533.3 3 0
gitlab.com/dgb9/todo-api/internal/servr/dao/todo.go:535.2,535.28 1 0
gitlab.com/dgb9/todo-api/internal/servr/dao/todo.go:535.28,540.3 3 0
gitlab.com/dgb9/todo-api/internal/servr/dao/todo.go:542.2,548.16 6 0
gitlab.com/dgb9/todo-api/internal/servr/dao/todo.go:548.16,550.3 1 0
gitlab.com/dgb9/todo-api/internal/servr/dao/todo.go:552.2,553.12 2 0
gitlab.com/dgb9/todo-api/internal/servr/attachment.go:12.107,15.16 3 0
gitlab.com/dgb9/todo-api/internal/servr/attachment.go:15.16,17.3 1 0
gitlab.com/dgb9/todo-api/internal/servr/attachment.go:19.2,22.16 3 0
gitlab.com/dgb9/todo-api/internal/servr/attachment.go:22.16,24.3 1 0
gitlab.com/dgb9/todo-api/internal/servr/attachment.go:26.2,27.17 2 0
gitlab.com/dgb9/todo-api/internal/servr/attachment.go:30.125,32.16 2 0
gitlab.com/dgb9/todo-api/internal/servr/attachment.go:32.16,34.3 1 0
gitlab.com/dgb9/todo-api/internal/servr/attachment.go:36.2,38.16 3 0
gitlab.com/dgb9/todo-api/internal/servr/attachment.go:38.16,40.3 1 0
gitlab.com/dgb9/todo-api/internal/servr/attachment.go:42.2,42.31 1 0
gitlab.com/dgb9/todo-api/internal/servr/attachment.go:42.31,43.39 1 0
gitlab.com/dgb9/todo-api/internal/servr/attachment.go:43.39,45.4 1 0
gitlab.com/dgb9/todo-api/internal/servr/attachment.go:48.2,49.16 2 0
gitlab.com/dgb9/todo-api/internal/servr/attachment.go:49.16,51.3 1 0
gitlab.com/dgb9/todo-api/internal/servr/attachment.go:53.2,53.12 1 0
gitlab.com/dgb9/todo-api/internal/servr/attachment.go:53.12,54.19 1 0
gitlab.com/dgb9/todo-api/internal/servr/attachment.go:54.19,56.4 1 0
gitlab.com/dgb9/todo-api/internal/servr/attachment.go:58.3,61.17 3 0
gitlab.com/dgb9/todo-api/internal/servr/attachment.go:61.17,63.4 1 0
gitlab.com/dgb9/todo-api/internal/servr/attachment.go:64.8,65.20 1 0
gitlab.com/dgb9/todo-api/internal/servr/attachment.go:65.20,67.4 1 0
gitlab.com/dgb9/todo-api/internal/servr/attachment.go:69.3,71.17 2 0
gitlab.com/dgb9/todo-api/internal/servr/attachment.go:71.17,73.4 1 0
gitlab.com/dgb9/todo-api/internal/servr/attachment.go:76.2,77.16 2 0
gitlab.com/dgb9/todo-api/internal/servr/attachment.go:77.16,79.3 1 0
gitlab.com/dgb9/todo-api/internal/servr/attachment.go:81.2,81.12 1 0
gitlab.com/dgb9/todo-api/internal/servr/attachment.go:84.91,86.16 2 0
gitlab.com/dgb9/todo-api/internal/servr/attachment.go:86.16,88.3 1 0
gitlab.com/dgb9/todo-api/internal/servr/attachment.go:90.2,93.16 3 0
gitlab.com/dgb9/todo-api/internal/servr/attachment.go:93.16,95.3 1 0
gitlab.com/dgb9/todo-api/internal/servr/attachment.go:97.2,98.16 2 0
gitlab.com/dgb9/todo-api/internal/servr/attachment.go:98.16,100.3 1 0
gitlab.com/dgb9/todo-api/internal/servr/attachment.go:102.2,102.17 1 0
gitlab.com/dgb9/todo-api/internal/servr/check.go:9.42,11.20 2 0
gitlab.com/dgb9/todo-api/internal/servr/check.go:11.20,13.3 1 0
gitlab.com/dgb9/todo-api/internal/servr/check.go:15.2,15.12 1 0
gitlab.com/dgb9/todo-api/internal/servr/check.go:18.42,20.24 2 0
gitlab.com/dgb9/todo-api/internal/servr/check.go:20.24,22.3 1 0
gitlab.com/dgb9/todo-api/internal/servr/check.go:24.2,24.46 1 0
gitlab.com/dgb9/todo-api/internal/servr/check.go:24.46,26.3 1 0
gitlab.com/dgb9/todo-api/internal/servr/check.go:28.2,28.12 1 0
gitlab.com/dgb9/todo-api/internal/servr/crypto.go:20.37,24.2 3 1
gitlab.com/dgb9/todo-api/internal/servr/crypto.go:26.53,28.2 1 1
gitlab.com/dgb9/todo-api/internal/servr/crypto.go:30.56,32.16 2 1
gitlab.com/dgb9/todo-api/internal/servr/crypto.go:32.16,34.3 1 0
gitlab.com/dgb9/todo-api/internal/servr/crypto.go:35.2,36.16 2 1
gitlab.com/dgb9/todo-api/internal/servr/crypto.go:36.16,38.3 1 0
gitlab.com/dgb9/todo-api/internal/servr/crypto.go:39.2,40.58 2 1
gitlab.com/dgb9/todo-api/internal/servr/crypto.go:40.58,42.3 1 0
gitlab.com/dgb9/todo-api/internal/servr/crypto.go:43.2,43.52 1 1
gitlab.com/dgb9/todo-api/internal/servr/crypto.go:46.57,48.16 2 1
gitlab.com/dgb9/todo-api/internal/servr/crypto.go:48.16,50.3 1 0
gitlab.com/dgb9/todo-api/internal/servr/crypto.go:51.2,52.16 2 1
gitlab.com/dgb9/todo-api/internal/servr/crypto.go:52.16,54.3 1 0
gitlab.com/dgb9/todo-api/internal/servr/crypto.go:55.2,56.33 2 1
gitlab.com/dgb9/todo-api/internal/servr/crypto.go:56.33,58.3 1 0
gitlab.com/dgb9/todo-api/internal/servr/crypto.go:59.2,59.75 1 1
gitlab.com/dgb9/todo-api/internal/servr/item.go:14.114,17.16 3 0
gitlab.com/dgb9/todo-api/internal/servr/item.go:17.16,19.3 1 0
gitlab.com/dgb9/todo-api/internal/servr/item.go:21.2,24.19 2 0
gitlab.com/dgb9/todo-api/internal/servr/item.go:24.19,26.3 1 0
gitlab.com/dgb9/todo-api/internal/servr/item.go:29.2,30.16 2 0
gitlab.com/dgb9/todo-api/internal/servr/item.go:30.16,32.3 1 0
gitlab.com/dgb9/todo-api/internal/servr/item.go:34.2,34.23 1 0
gitlab.com/dgb9/todo-api/internal/servr/item.go:34.23,36.3 1 0
gitlab.com/dgb9/todo-api/internal/servr/item.go:38.2,38.22 1 0
gitlab.com/dgb9/todo-api/internal/servr/item.go:38.22,40.3 1 0
gitlab.com/dgb9/todo-api/internal/servr/item.go:43.2,44.16 2 0
gitlab.com/dgb9/todo-api/internal/servr/item.go:44.16,46.3 1 0
gitlab.com/dgb9/todo-api/internal/servr/item.go:48.2,48.31 1 0
gitlab.com/dgb9/todo-api/internal/servr/item.go:48.31,49.39 1 0
gitlab.com/dgb9/todo-api/internal/servr/item.go:49.39,51.4 1 0
gitlab.com/dgb9/todo-api/internal/servr/item.go:55.2,56.16 2 0
gitlab.com/dgb9/todo-api/internal/servr/item.go:56.16,58.3 1 0
gitlab.com/dgb9/todo-api/internal/servr/item.go:61.2,62.16 2 0
gitlab.com/dgb9/todo-api/internal/servr/item.go:62.16,64.3 1 0
gitlab.com/dgb9/todo-api/internal/servr/item.go:66.2,67.22 2 0
gitlab.com/dgb9/todo-api/internal/servr/item.go:70.94,72.16 2 0
gitlab.com/dgb9/todo-api/internal/servr/item.go:72.16,74.3 1 0
gitlab.com/dgb9/todo-api/internal/servr/item.go:76.2,79.16 3 0
gitlab.com/dgb9/todo-api/internal/servr/item.go:79.16,81.3 1 0
gitlab.com/dgb9/todo-api/internal/servr/item.go:83.2,84.16 2 0
gitlab.com/dgb9/todo-api/internal/servr/item.go:84.16,86.3 1 0
gitlab.com/dgb9/todo-api/internal/servr/item.go:88.2,88.35 1 0
gitlab.com/dgb9/todo-api/internal/servr/item.go:88.35,89.40 1 0
gitlab.com/dgb9/todo-api/internal/servr/item.go:89.40,91.4 1 0
gitlab.com/dgb9/todo-api/internal/servr/item.go:97.2,97.25 1 0
gitlab.com/dgb9/todo-api/internal/servr/item.go:97.25,104.17 4 0
gitlab.com/dgb9/todo-api/internal/servr/item.go:104.17,106.4 1 0
gitlab.com/dgb9/todo-api/internal/servr/item.go:109.3,110.17 2 0
gitlab.com/dgb9/todo-api/internal/servr/item.go:110.17,112.4 1 0
gitlab.com/dgb9/todo-api/internal/servr/item.go:116.2,116.20 1 0
gitlab.com/dgb9/todo-api/internal/servr/item.go:119.89,121.16 2 0
gitlab.com/dgb9/todo-api/internal/servr/item.go:121.16,123.3 1 0
gitlab.com/dgb9/todo-api/internal/servr/item.go:124.2,128.16 3 0
gitlab.com/dgb9/todo-api/internal/servr/item.go:128.16,130.3 1 0
gitlab.com/dgb9/todo-api/internal/servr/item.go:132.2,132.35 1 0
gitlab.com/dgb9/todo-api/internal/servr/item.go:132.35,133.41 1 0
gitlab.com/dgb9/todo-api/internal/servr/item.go:133.41,135.4 1 0
gitlab.com/dgb9/todo-api/internal/servr/item.go:139.2,140.16 2 0
gitlab.com/dgb9/todo-api/internal/servr/item.go:140.16,142.3 1 0
gitlab.com/dgb9/todo-api/internal/servr/item.go:144.2,144.20 1 0
gitlab.com/dgb9/todo-api/internal/servr/item.go:144.20,146.3 1 0
gitlab.com/dgb9/todo-api/internal/servr/item.go:149.2,150.16 2 0
gitlab.com/dgb9/todo-api/internal/servr/item.go:150.16,152.3 1 0
gitlab.com/dgb9/todo-api/internal/servr/item.go:154.2,154.20 1 0
gitlab.com/dgb9/todo-api/internal/servr/item.go:157.118,161.16 3 0
gitlab.com/dgb9/todo-api/internal/servr/item.go:161.16,163.3 1 0
gitlab.com/dgb9/todo-api/internal/servr/item.go:165.2,170.39 3 0
gitlab.com/dgb9/todo-api/internal/servr/item.go:170.39,173.3 1 0
gitlab.com/dgb9/todo-api/internal/servr/item.go:175.2,175.37 1 0
gitlab.com/dgb9/todo-api/internal/servr/item.go:175.37,177.3 1 0
gitlab.com/dgb9/todo-api/internal/servr/item.go:179.2,179.31 1 0
gitlab.com/dgb9/todo-api/internal/servr/item.go:179.31,180.39 1 0
gitlab.com/dgb9/todo-api/internal/servr/item.go:180.39,182.4 1 0
gitlab.com/dgb9/todo-api/internal/servr/item.go:186.2,187.41 2 0
gitlab.com/dgb9/todo-api/internal/servr/item.go:187.41,189.3 1 0
gitlab.com/dgb9/todo-api/internal/servr/item.go:191.2,192.16 2 0
gitlab.com/dgb9/todo-api/internal/servr/item.go:192.16,194.3 1 0
gitlab.com/dgb9/todo-api/internal/servr/item.go:197.2,197.18 1 0
gitlab.com/dgb9/todo-api/internal/servr/item.go:197.18,200.17 2 0
gitlab.com/dgb9/todo-api/internal/servr/item.go:200.17,202.4 1 0
gitlab.com/dgb9/todo-api/internal/servr/item.go:203.8,206.17 2 0
gitlab.com/dgb9/todo-api/internal/servr/item.go:206.17,208.4 1 0
gitlab.com/dgb9/todo-api/internal/servr/item.go:212.2,213.16 2 0
gitlab.com/dgb9/todo-api/internal/servr/item.go:213.16,215.3 1 0
gitlab.com/dgb9/todo-api/internal/servr/item.go:217.2,217.21 1 0
gitlab.com/dgb9/todo-api/internal/servr/item.go:217.21,219.3 1 0
gitlab.com/dgb9/todo-api/internal/servr/item.go:221.2,224.17 3 0
gitlab.com/dgb9/todo-api/internal/servr/item.go:227.60,238.2 1 0
gitlab.com/dgb9/todo-api/internal/servr/item.go:240.106,242.16 2 0
gitlab.com/dgb9/todo-api/internal/servr/item.go:242.16,244.3 1 0
gitlab.com/dgb9/todo-api/internal/servr/item.go:245.2,248.16 3 0
gitlab.com/dgb9/todo-api/internal/servr/item.go:248.16,250.3 1 0
gitlab.com/dgb9/todo-api/internal/servr/item.go:252.2,253.16 2 0
gitlab.com/dgb9/todo-api/internal/servr/item.go:253.16,255.3 1 0
gitlab.com/dgb9/todo-api/internal/servr/item.go:257.2,258.16 2 0
gitlab.com/dgb9/todo-api/internal/servr/item.go:258.16,260.3 1 0
gitlab.com/dgb9/todo-api/internal/servr/item.go:262.2,262.17 1 0
gitlab.com/dgb9/todo-api/internal/servr/item.go:265.117,267.16 2 0
gitlab.com/dgb9/todo-api/internal/servr/item.go:267.16,269.3 1 0
gitlab.com/dgb9/todo-api/internal/servr/item.go:271.2,274.16 3 0
gitlab.com/dgb9/todo-api/internal/servr/item.go:274.16,276.3 1 0
gitlab.com/dgb9/todo-api/internal/servr/item.go:278.2,279.16 2 0
gitlab.com/dgb9/todo-api/internal/servr/item.go:279.16,281.3 1 0
gitlab.com/dgb9/todo-api/internal/servr/item.go:283.2,284.16 2 0
gitlab.com/dgb9/todo-api/internal/servr/item.go:284.16,286.3 1 0
gitlab.com/dgb9/todo-api/internal/servr/item.go:288.2,288.16 1 0
gitlab.com/dgb9/todo-api/internal/servr/item.go:288.16,290.3 1 0
gitlab.com/dgb9/todo-api/internal/servr/item.go:291.2,291.17 1 0
gitlab.com/dgb9/todo-api/internal/servr/login.go:21.117,25.16 3 0
gitlab.com/dgb9/todo-api/internal/servr/login.go:25.16,27.3 1 0
gitlab.com/dgb9/todo-api/internal/servr/login.go:30.2,31.16 2 0
gitlab.com/dgb9/todo-api/internal/servr/login.go:31.16,33.3 1 0
gitlab.com/dgb9/todo-api/internal/servr/login.go:36.2,36.58 1 0
gitlab.com/dgb9/todo-api/internal/servr/login.go:36.58,38.3 1 0
gitlab.com/dgb9/todo-api/internal/servr/login.go:40.2,41.16 2 0
gitlab.com/dgb9/todo-api/internal/servr/login.go:41.16,43.3 1 0
gitlab.com/dgb9/todo-api/internal/servr/login.go:45.2,52.16 6 0
gitlab.com/dgb9/todo-api/internal/servr/login.go:52.16,54.3 1 0
gitlab.com/dgb9/todo-api/internal/servr/login.go:57.2,57.55 1 0
gitlab.com/dgb9/todo-api/internal/servr/login.go:57.55,59.3 1 0
gitlab.com/dgb9/todo-api/internal/servr/login.go:62.2,71.17 7 0
gitlab.com/dgb9/todo-api/internal/servr/login.go:74.101,78.16 3 0
gitlab.com/dgb9/todo-api/internal/servr/login.go:78.16,80.3 1 0
gitlab.com/dgb9/todo-api/internal/servr/login.go:83.2,84.16 2 0
gitlab.com/dgb9/todo-api/internal/servr/login.go:84.16,86.3 1 0
gitlab.com/dgb9/todo-api/internal/servr/login.go:89.2,89.58 1 0
gitlab.com/dgb9/todo-api/internal/servr/login.go:89.58,91.3 1 0
gitlab.com/dgb9/todo-api/internal/servr/login.go:93.2,94.16 2 0
gitlab.com/dgb9/todo-api/internal/servr/login.go:94.16,96.3 1 0
gitlab.com/dgb9/todo-api/internal/servr/login.go:98.2,118.16 10 0
gitlab.com/dgb9/todo-api/internal/servr/login.go:118.16,120.3 1 0
gitlab.com/dgb9/todo-api/internal/servr/login.go:122.2,132.17 8 0
gitlab.com/dgb9/todo-api/internal/servr/login.go:135.76,139.16 3 0
gitlab.com/dgb9/todo-api/internal/servr/login.go:139.16,141.3 1 0
gitlab.com/dgb9/todo-api/internal/servr/login.go:142.2,145.16 3 0
gitlab.com/dgb9/todo-api/internal/servr/login.go:145.16,147.3 1 0
gitlab.com/dgb9/todo-api/internal/servr/login.go:149.2,149.28 1 0
gitlab.com/dgb9/todo-api/internal/servr/login.go:149.28,151.16 2 0
gitlab.com/dgb9/todo-api/internal/servr/login.go:151.16,153.4 1 0
gitlab.com/dgb9/todo-api/internal/servr/login.go:155.3,155.40 1 0
gitlab.com/dgb9/todo-api/internal/servr/login.go:158.2,159.17 2 0
gitlab.com/dgb9/todo-api/internal/servr/login.go:162.53,164.21 2 1
gitlab.com/dgb9/todo-api/internal/servr/login.go:164.21,166.3 1 1
gitlab.com/dgb9/todo-api/internal/servr/login.go:168.2,170.24 2 1
gitlab.com/dgb9/todo-api/internal/servr/login.go:170.24,172.3 1 1
gitlab.com/dgb9/todo-api/internal/servr/login.go:174.2,174.12 1 1
gitlab.com/dgb9/todo-api/internal/servr/login.go:177.124,179.16 2 0
gitlab.com/dgb9/todo-api/internal/servr/login.go:179.16,181.3 1 0
gitlab.com/dgb9/todo-api/internal/servr/login.go:183.2,183.31 1 0
gitlab.com/dgb9/todo-api/internal/servr/login.go:183.31,191.17 6 0
gitlab.com/dgb9/todo-api/internal/servr/login.go:191.17,193.4 1 0
gitlab.com/dgb9/todo-api/internal/servr/login.go:194.8,199.17 4 0
gitlab.com/dgb9/todo-api/internal/servr/login.go:199.17,201.4 1 0
gitlab.com/dgb9/todo-api/internal/servr/login.go:204.2,204.20 1 0
gitlab.com/dgb9/todo-api/internal/servr/login.go:207.96,209.43 1 1
gitlab.com/dgb9/todo-api/internal/servr/login.go:209.43,211.3 1 1
gitlab.com/dgb9/todo-api/internal/servr/login.go:214.2,214.49 1 1
gitlab.com/dgb9/todo-api/internal/servr/login.go:214.49,216.3 1 1
gitlab.com/dgb9/todo-api/internal/servr/login.go:219.2,219.31 1 1
gitlab.com/dgb9/todo-api/internal/servr/login.go:219.31,221.3 1 1
gitlab.com/dgb9/todo-api/internal/servr/login.go:223.2,224.16 2 0
gitlab.com/dgb9/todo-api/internal/servr/login.go:224.16,226.3 1 0
gitlab.com/dgb9/todo-api/internal/servr/login.go:228.2,232.16 3 0
gitlab.com/dgb9/todo-api/internal/servr/login.go:232.16,234.3 1 0
gitlab.com/dgb9/todo-api/internal/servr/login.go:236.2,236.20 1 0
gitlab.com/dgb9/todo-api/internal/servr/login.go:239.70,241.16 2 0
gitlab.com/dgb9/todo-api/internal/servr/login.go:241.16,243.3 1 0
gitlab.com/dgb9/todo-api/internal/servr/login.go:245.2,248.16 3 0
gitlab.com/dgb9/todo-api/internal/servr/login.go:248.16,250.3 1 0
gitlab.com/dgb9/todo-api/internal/servr/login.go:252.2,252.20 1 0
gitlab.com/dgb9/todo-api/internal/servr/server.go:51.113,53.33 2 0
gitlab.com/dgb9/todo-api/internal/servr/server.go:53.33,55.3 1 0
gitlab.com/dgb9/todo-api/internal/servr/server.go:56.2,57.16 2 0
gitlab.com/dgb9/todo-api/internal/servr/server.go:57.16,59.3 1 0
gitlab.com/dgb9/todo-api/internal/servr/server.go:60.2,60.22 1 0
gitlab.com/dgb9/todo-api/internal/servr/server.go:60.22,62.17 2 0
gitlab.com/dgb9/todo-api/internal/servr/server.go:62.17,64.4 1 0
gitlab.com/dgb9/todo-api/internal/servr/server.go:66.2,66.27 1 0
gitlab.com/dgb9/todo-api/internal/servr/server.go:69.110,75.2 1 0
gitlab.com/dgb9/todo-api/internal/servr/server.go:77.120,81.16 3 0
gitlab.com/dgb9/todo-api/internal/servr/server.go:81.16,83.3 1 0
gitlab.com/dgb9/todo-api/internal/servr/server.go:84.2,87.16 3 0
gitlab.com/dgb9/todo-api/internal/servr/server.go:87.16,89.3 1 0
gitlab.com/dgb9/todo-api/internal/servr/server.go:91.2,91.20 1 0
gitlab.com/dgb9/todo-api/internal/servr/server.go:91.20,93.3 1 0
gitlab.com/dgb9/todo-api/internal/servr/server.go:95.2,95.32 1 0
gitlab.com/dgb9/todo-api/internal/servr/server.go:95.32,97.3 1 0
gitlab.com/dgb9/todo-api/internal/servr/server.go:99.2,101.16 3 0
gitlab.com/dgb9/todo-api/internal/servr/server.go:101.16,103.3 1 0
gitlab.com/dgb9/todo-api/internal/servr/server.go:105.2,106.16 2 0
gitlab.com/dgb9/todo-api/internal/servr/server.go:106.16,108.3 1 0
gitlab.com/dgb9/todo-api/internal/servr/server.go:110.2,110.25 1 0
gitlab.com/dgb9/todo-api/internal/servr/server.go:113.129,115.16 2 0
gitlab.com/dgb9/todo-api/internal/servr/server.go:115.16,117.3 1 0
gitlab.com/dgb9/todo-api/internal/servr/server.go:118.2,121.16 3 0
gitlab.com/dgb9/todo-api/internal/servr/server.go:121.16,123.3 1 0
gitlab.com/dgb9/todo-api/internal/servr/server.go:125.2,127.20 2 0
gitlab.com/dgb9/todo-api/internal/servr/server.go:127.20,129.17 2 0
gitlab.com/dgb9/todo-api/internal/servr/server.go:129.17,131.4 1 0
gitlab.com/dgb9/todo-api/internal/servr/server.go:132.3,132.34 1 0
gitlab.com/dgb9/todo-api/internal/servr/server.go:133.8,134.33 1 0
gitlab.com/dgb9/todo-api/internal/servr/server.go:134.33,136.4 1 0
gitlab.com/dgb9/todo-api/internal/servr/server.go:137.3,139.17 3 0
gitlab.com/dgb9/todo-api/internal/servr/server.go:139.17,141.4 1 0
gitlab.com/dgb9/todo-api/internal/servr/server.go:144.2,145.16 2 0
gitlab.com/dgb9/todo-api/internal/servr/server.go:145.16,147.3 1 0
gitlab.com/dgb9/todo-api/internal/servr/server.go:148.2,149.16 2 0
gitlab.com/dgb9/todo-api/internal/servr/server.go:149.16,151.3 1 0
gitlab.com/dgb9/todo-api/internal/servr/server.go:153.2,154.16 2 0
gitlab.com/dgb9/todo-api/internal/servr/server.go:154.16,156.3 1 0
gitlab.com/dgb9/todo-api/internal/servr/server.go:158.2,158.20 1 0
gitlab.com/dgb9/todo-api/internal/servr/server.go:161.94,164.16 3 0
gitlab.com/dgb9/todo-api/internal/servr/server.go:164.16,166.3 1 0
gitlab.com/dgb9/todo-api/internal/servr/server.go:168.2,171.16 3 0
gitlab.com/dgb9/todo-api/internal/servr/server.go:171.16,173.3 1 0
gitlab.com/dgb9/todo-api/internal/servr/server.go:175.2,175.24 1 0
gitlab.com/dgb9/todo-api/internal/servr/server.go:175.24,177.3 1 0
gitlab.com/dgb9/todo-api/internal/servr/server.go:179.2,180.16 2 0
gitlab.com/dgb9/todo-api/internal/servr/server.go:180.16,182.3 1 0
gitlab.com/dgb9/todo-api/internal/servr/server.go:184.2,185.17 2 0
gitlab.com/dgb9/todo-api/internal/servr/server.go:188.87,191.16 3 0
gitlab.com/dgb9/todo-api/internal/servr/server.go:191.16,193.3 1 0
gitlab.com/dgb9/todo-api/internal/servr/server.go:195.2,198.16 3 0
gitlab.com/dgb9/todo-api/internal/servr/server.go:198.16,200.3 1 0
gitlab.com/dgb9/todo-api/internal/servr/server.go:202.2,204.17 2 0
gitlab.com/dgb9/todo-api/internal/servr/server.go:207.59,209.2 1 1
gitlab.com/dgb9/todo-api/internal/servr/server.go:211.62,215.2 2 0
gitlab.com/dgb9/todo-api/internal/servr/server.go:217.27,219.2 1 0
gitlab.com/dgb9/todo-api/internal/servr/server.go:221.93,224.16 3 0
gitlab.com/dgb9/todo-api/internal/servr/server.go:224.16,226.3 1 0
gitlab.com/dgb9/todo-api/internal/servr/server.go:228.2,231.16 3 0
gitlab.com/dgb9/todo-api/internal/servr/server.go:231.16,233.3 1 0
gitlab.com/dgb9/todo-api/internal/servr/server.go:236.2,236.17 1 0
gitlab.com/dgb9/todo-api/internal/servr/server.go:236.17,238.3 1 0
gitlab.com/dgb9/todo-api/internal/servr/server.go:240.2,242.17 2 0
gitlab.com/dgb9/todo-api/internal/servr/server.go:245.66,248.2 2 1
gitlab.com/dgb9/todo-api/internal/servr/todo.go:13.115,15.16 2 0
gitlab.com/dgb9/todo-api/internal/servr/todo.go:15.16,17.3 1 0
gitlab.com/dgb9/todo-api/internal/servr/todo.go:18.2,22.16 3 0
gitlab.com/dgb9/todo-api/internal/servr/todo.go:22.16,24.3 1 0
gitlab.com/dgb9/todo-api/internal/servr/todo.go:26.2,26.23 1 0
gitlab.com/dgb9/todo-api/internal/servr/todo.go:26.23,28.3 1 0
gitlab.com/dgb9/todo-api/internal/servr/todo.go:30.2,31.35 2 0
gitlab.com/dgb9/todo-api/internal/servr/todo.go:31.35,32.50 1 0
gitlab.com/dgb9/todo-api/internal/servr/todo.go:32.50,34.4 1 0
gitlab.com/dgb9/todo-api/internal/servr/todo.go:37.2,37.70 1 0
gitlab.com/dgb9/todo-api/internal/servr/todo.go:37.70,39.3 1 0
gitlab.com/dgb9/todo-api/internal/servr/todo.go:41.2,42.16 2 0
gitlab.com/dgb9/todo-api/internal/servr/todo.go:42.16,44.3 1 0
gitlab.com/dgb9/todo-api/internal/servr/todo.go:46.2,46.20 1 0
gitlab.com/dgb9/todo-api/internal/servr/todo.go:49.120,53.16 3 0
gitlab.com/dgb9/todo-api/internal/servr/todo.go:53.16,55.3 1 0
gitlab.com/dgb9/todo-api/internal/servr/todo.go:57.2,61.16 3 0
gitlab.com/dgb9/todo-api/internal/servr/todo.go:61.16,63.3 1 0
gitlab.com/dgb9/todo-api/internal/servr/todo.go:65.2,65.22 1 0
gitlab.com/dgb9/todo-api/internal/servr/todo.go:65.22,67.3 1 0
gitlab.com/dgb9/todo-api/internal/servr/todo.go:69.2,69.34 1 0
gitlab.com/dgb9/todo-api/internal/servr/todo.go:69.34,70.42 1 0
gitlab.com/dgb9/todo-api/internal/servr/todo.go:70.42,72.4 1 0
gitlab.com/dgb9/todo-api/internal/servr/todo.go:76.2,80.17 3 0
gitlab.com/dgb9/todo-api/internal/servr/todo.go:83.88,85.16 2 0
gitlab.com/dgb9/todo-api/internal/servr/todo.go:85.16,87.3 1 0
gitlab.com/dgb9/todo-api/internal/servr/todo.go:89.2,92.16 3 0
gitlab.com/dgb9/todo-api/internal/servr/todo.go:92.16,94.3 1 0
gitlab.com/dgb9/todo-api/internal/servr/todo.go:96.2,96.32 1 0
gitlab.com/dgb9/todo-api/internal/servr/todo.go:96.32,97.37 1 0
gitlab.com/dgb9/todo-api/internal/servr/todo.go:97.37,99.4 1 0
gitlab.com/dgb9/todo-api/internal/servr/todo.go:103.2,104.16 2 0
gitlab.com/dgb9/todo-api/internal/servr/todo.go:104.16,106.3 1 0
gitlab.com/dgb9/todo-api/internal/servr/todo.go:108.2,108.20 1 0
gitlab.com/dgb9/todo-api/internal/servr/todo.go:111.107,115.16 3 0
gitlab.com/dgb9/todo-api/internal/servr/todo.go:115.16,117.3 1 0
gitlab.com/dgb9/todo-api/internal/servr/todo.go:118.2,121.16 3 0
gitlab.com/dgb9/todo-api/internal/servr/todo.go:121.16,123.3 1 0
gitlab.com/dgb9/todo-api/internal/servr/todo.go:125.2,125.29 1 0
gitlab.com/dgb9/todo-api/internal/servr/todo.go:125.29,128.39 2 0
gitlab.com/dgb9/todo-api/internal/servr/todo.go:128.39,130.4 1 0
gitlab.com/dgb9/todo-api/internal/servr/todo.go:133.2,134.16 2 0
gitlab.com/dgb9/todo-api/internal/servr/todo.go:134.16,136.3 1 0
gitlab.com/dgb9/todo-api/internal/servr/todo.go:138.2,138.17 1 0
gitlab.com/dgb9/todo-api/internal/servr/todo.go:141.99,143.16 2 0
gitlab.com/dgb9/todo-api/internal/servr/todo.go:143.16,145.3 1 0
gitlab.com/dgb9/todo-api/internal/servr/todo.go:146.2,150.16 3 0
gitlab.com/dgb9/todo-api/internal/servr/todo.go:150.16,152.3 1 0
gitlab.com/dgb9/todo-api/internal/servr/todo.go:154.2,154.31 1 0
gitlab.com/dgb9/todo-api/internal/servr/todo.go:154.31,156.3 1 0
gitlab.com/dgb9/todo-api/internal/servr/todo.go:159.2,160.41 2 0
gitlab.com/dgb9/todo-api/internal/servr/todo.go:160.41,162.3 1 0
gitlab.com/dgb9/todo-api/internal/servr/todo.go:165.2,166.16 2 0
gitlab.com/dgb9/todo-api/internal/servr/todo.go:166.16,168.3 1 0
gitlab.com/dgb9/todo-api/internal/servr/todo.go:170.2,170.20 1 0
gitlab.com/dgb9/todo-api/internal/servr/todo.go:173.101,175.16 2 0
gitlab.com/dgb9/todo-api/internal/servr/todo.go:175.16,177.3 1 0
gitlab.com/dgb9/todo-api/internal/servr/todo.go:179.2,184.41 4 0
gitlab.com/dgb9/todo-api/internal/servr/todo.go:184.41,186.3 1 0
gitlab.com/dgb9/todo-api/internal/servr/todo.go:188.2,189.16 2 0
gitlab.com/dgb9/todo-api/internal/servr/todo.go:189.16,191.3 1 0
gitlab.com/dgb9/todo-api/internal/servr/todo.go:192.2,194.18 2 0
gitlab.com/dgb9/todo-api/internal/servr/todo.go:194.18,196.17 2 0
gitlab.com/dgb9/todo-api/internal/servr/todo.go:196.17,198.4 1 0
gitlab.com/dgb9/todo-api/internal/servr/todo.go:199.8,202.17 2 0
gitlab.com/dgb9/todo-api/internal/servr/todo.go:202.17,204.4 1 0
gitlab.com/dgb9/todo-api/internal/servr/todo.go:206.3,207.23 2 0
gitlab.com/dgb9/todo-api/internal/servr/todo.go:207.23,209.4 1 0
gitlab.com/dgb9/todo-api/internal/servr/todo.go:211.3,212.17 2 0
gitlab.com/dgb9/todo-api/internal/servr/todo.go:212.17,214.4 1 0
gitlab.com/dgb9/todo-api/internal/servr/todo.go:217.2,217.20 1 0
gitlab.com/dgb9/todo-api/internal/servr/todo.go:220.116,222.16 2 0
gitlab.com/dgb9/todo-api/internal/servr/todo.go:222.16,224.3 1 0
gitlab.com/dgb9/todo-api/internal/servr/todo.go:226.2,229.16 3 0
gitlab.com/dgb9/todo-api/internal/servr/todo.go:229.16,231.3 1 0
gitlab.com/dgb9/todo-api/internal/servr/todo.go:233.2,235.17 2 0
gitlab.com/dgb9/todo-api/internal/servr/todo.go:238.124,240.16 2 0
gitlab.com/dgb9/todo-api/internal/servr/todo.go:240.16,242.3 1 0
gitlab.com/dgb9/todo-api/internal/servr/todo.go:244.2,247.47 2 0
gitlab.com/dgb9/todo-api/internal/servr/todo.go:247.47,249.3 1 0
gitlab.com/dgb9/todo-api/internal/servr/todo.go:252.2,252.82 1 0
gitlab.com/dgb9/todo-api/internal/servr/todo.go:252.82,254.3 1 0
gitlab.com/dgb9/todo-api/internal/servr/todo.go:256.2,257.16 2 0
gitlab.com/dgb9/todo-api/internal/servr/todo.go:257.16,259.3 1 0
gitlab.com/dgb9/todo-api/internal/servr/todo.go:261.2,263.17 2 0
gitlab.com/dgb9/todo-api/internal/servr/todo.go:266.124,269.16 3 0
gitlab.com/dgb9/todo-api/internal/servr/todo.go:269.16,271.3 1 0
gitlab.com/dgb9/todo-api/internal/servr/todo.go:273.2,278.37 3 0
gitlab.com/dgb9/todo-api/internal/servr/todo.go:278.37,279.42 1 0
gitlab.com/dgb9/todo-api/internal/servr/todo.go:279.42,281.4 1 0
gitlab.com/dgb9/todo-api/internal/servr/todo.go:284.2,284.69 1 0
gitlab.com/dgb9/todo-api/internal/servr/todo.go:284.69,286.3 1 0
gitlab.com/dgb9/todo-api/internal/servr/todo.go:288.2,289.16 2 0
gitlab.com/dgb9/todo-api/internal/servr/todo.go:289.16,291.3 1 0
gitlab.com/dgb9/todo-api/internal/servr/todo.go:293.2,297.17 3 0
